<!doctype html public "-//w3c//dtd html 4.0 transitional//en">
<html><head>
<title>Static Call Graph - [.\Objects\tokenring_project.axf]</title></head>
<body><HR>
<H1>Static Call Graph for image .\Objects\tokenring_project.axf</H1><HR>
<BR><P>#&#060CALLGRAPH&#062# ARM Linker, 5060960: Last Updated: Tue May 02 11:43:46 2023
<BR><P>
<H3>Maximum Stack Usage =        576 bytes + Unknown(Functions without stacksize, Cycles, Untraceable Function Pointers)</H3><H3>
Call chain for Maximum Stack Depth:</H3>
ChatSender &rArr; Ext_Keyboard_Init &rArr; HAL_SPI_Receive &rArr; HAL_SPI_TransmitReceive &rArr; SPI_EndRxTxTransaction &rArr; SPI_WaitFlagStateUntilTimeout &rArr; HAL_GetTick &rArr; osKernelGetTickCount &rArr; svcRtxKernelGetTickCount &rArr; EvrRtxKernelGetTickCount &rArr; EventRecord2 &rArr; EventRecordItem
<P>
<H3>
Functions with no stack information
</H3><UL>
 <LI><a href="#[16b]">__user_initial_stackheap</a>
</UL>
</UL>
<P>
<H3>
Mutually Recursive functions
</H3> <LI><a href="#[11]">NMI_Handler</a>&nbsp;&nbsp;&nbsp;&rArr;&nbsp;&nbsp;&nbsp;<a href="#[11]">NMI_Handler</a><BR>
 <LI><a href="#[12]">HardFault_Handler</a>&nbsp;&nbsp;&nbsp;&rArr;&nbsp;&nbsp;&nbsp;<a href="#[12]">HardFault_Handler</a><BR>
 <LI><a href="#[13]">MemManage_Handler</a>&nbsp;&nbsp;&nbsp;&rArr;&nbsp;&nbsp;&nbsp;<a href="#[13]">MemManage_Handler</a><BR>
 <LI><a href="#[14]">BusFault_Handler</a>&nbsp;&nbsp;&nbsp;&rArr;&nbsp;&nbsp;&nbsp;<a href="#[14]">BusFault_Handler</a><BR>
 <LI><a href="#[15]">UsageFault_Handler</a>&nbsp;&nbsp;&nbsp;&rArr;&nbsp;&nbsp;&nbsp;<a href="#[15]">UsageFault_Handler</a><BR>
 <LI><a href="#[17]">DebugMon_Handler</a>&nbsp;&nbsp;&nbsp;&rArr;&nbsp;&nbsp;&nbsp;<a href="#[17]">DebugMon_Handler</a><BR>
 <LI><a href="#[2c]">ADC_IRQHandler</a>&nbsp;&nbsp;&nbsp;&rArr;&nbsp;&nbsp;&nbsp;<a href="#[2c]">ADC_IRQHandler</a><BR>
 <LI><a href="#[135]">__asm___13_rtx_mempool_c_7914b4c7__atomic_link_put</a>&nbsp;&nbsp;&nbsp;&rArr;&nbsp;&nbsp;&nbsp;<a href="#[135]">__asm___13_rtx_mempool_c_7914b4c7__atomic_link_put</a><BR>
 <LI><a href="#[10c]">WM_Move</a>&nbsp;&nbsp;&nbsp;&rArr;&nbsp;&nbsp;&nbsp;<a href="#[10b]">WM_Size</a><BR>
</UL>
<P>
<H3>
Function Pointers
</H3><UL>
 <LI><a href="#[2c]">ADC_IRQHandler</a> from startup_stm32f746xx.o(.text) referenced from startup_stm32f746xx.o(RESET)
 <LI><a href="#[fd]">AfterClear</a> from gwin_console.o(i.AfterClear) referenced from gwin_console.o(.constdata)
 <LI><a href="#[14]">BusFault_Handler</a> from startup_stm32f746xx.o(.text) referenced from startup_stm32f746xx.o(RESET)
 <LI><a href="#[f9]">ButtonMouseDown</a> from gwin_button.o(i.ButtonMouseDown) referenced from gwin_button.o(.constdata)
 <LI><a href="#[fa]">ButtonMouseUp</a> from gwin_button.o(i.ButtonMouseUp) referenced from gwin_button.o(.constdata)
 <LI><a href="#[2e]">CAN1_RX0_IRQHandler</a> from startup_stm32f746xx.o(.text) referenced from startup_stm32f746xx.o(RESET)
 <LI><a href="#[2f]">CAN1_RX1_IRQHandler</a> from startup_stm32f746xx.o(.text) referenced from startup_stm32f746xx.o(RESET)
 <LI><a href="#[30]">CAN1_SCE_IRQHandler</a> from startup_stm32f746xx.o(.text) referenced from startup_stm32f746xx.o(RESET)
 <LI><a href="#[2d]">CAN1_TX_IRQHandler</a> from startup_stm32f746xx.o(.text) referenced from startup_stm32f746xx.o(RESET)
 <LI><a href="#[5a]">CAN2_RX0_IRQHandler</a> from startup_stm32f746xx.o(.text) referenced from startup_stm32f746xx.o(RESET)
 <LI><a href="#[5b]">CAN2_RX1_IRQHandler</a> from startup_stm32f746xx.o(.text) referenced from startup_stm32f746xx.o(RESET)
 <LI><a href="#[5c]">CAN2_SCE_IRQHandler</a> from startup_stm32f746xx.o(.text) referenced from startup_stm32f746xx.o(RESET)
 <LI><a href="#[59]">CAN2_TX_IRQHandler</a> from startup_stm32f746xx.o(.text) referenced from startup_stm32f746xx.o(RESET)
 <LI><a href="#[77]">CEC_IRQHandler</a> from startup_stm32f746xx.o(.text) referenced from startup_stm32f746xx.o(RESET)
 <LI><a href="#[98]">ChatReceiver</a> from chat_receiver.o(i.ChatReceiver) referenced from main.o(i.main)
 <LI><a href="#[99]">ChatSender</a> from chat_sender.o(i.ChatSender) referenced from main.o(i.main)
 <LI><a href="#[fc]">CheckboxMouseDown</a> from gwin_checkbox.o(i.CheckboxMouseDown) referenced from gwin_checkbox.o(.constdata)
 <LI><a href="#[100]">ContainerBorderSize</a> from gwin_container.o(i.ContainerBorderSize) referenced 4 times from gwin_container.o(.constdata)
 <LI><a href="#[68]">DCMI_IRQHandler</a> from startup_stm32f746xx.o(.text) referenced from startup_stm32f746xx.o(RESET)
 <LI><a href="#[25]">DMA1_Stream0_IRQHandler</a> from startup_stm32f746xx.o(.text) referenced from startup_stm32f746xx.o(RESET)
 <LI><a href="#[26]">DMA1_Stream1_IRQHandler</a> from startup_stm32f746xx.o(.text) referenced from startup_stm32f746xx.o(RESET)
 <LI><a href="#[27]">DMA1_Stream2_IRQHandler</a> from startup_stm32f746xx.o(.text) referenced from startup_stm32f746xx.o(RESET)
 <LI><a href="#[28]">DMA1_Stream3_IRQHandler</a> from startup_stm32f746xx.o(.text) referenced from startup_stm32f746xx.o(RESET)
 <LI><a href="#[29]">DMA1_Stream4_IRQHandler</a> from startup_stm32f746xx.o(.text) referenced from startup_stm32f746xx.o(RESET)
 <LI><a href="#[2a]">DMA1_Stream5_IRQHandler</a> from startup_stm32f746xx.o(.text) referenced from startup_stm32f746xx.o(RESET)
 <LI><a href="#[2b]">DMA1_Stream6_IRQHandler</a> from startup_stm32f746xx.o(.text) referenced from startup_stm32f746xx.o(RESET)
 <LI><a href="#[49]">DMA1_Stream7_IRQHandler</a> from startup_stm32f746xx.o(.text) referenced from startup_stm32f746xx.o(RESET)
 <LI><a href="#[73]">DMA2D_IRQHandler</a> from startup_stm32f746xx.o(.text) referenced from startup_stm32f746xx.o(RESET)
 <LI><a href="#[52]">DMA2_Stream0_IRQHandler</a> from startup_stm32f746xx.o(.text) referenced from startup_stm32f746xx.o(RESET)
 <LI><a href="#[53]">DMA2_Stream1_IRQHandler</a> from startup_stm32f746xx.o(.text) referenced from startup_stm32f746xx.o(RESET)
 <LI><a href="#[54]">DMA2_Stream2_IRQHandler</a> from startup_stm32f746xx.o(.text) referenced from startup_stm32f746xx.o(RESET)
 <LI><a href="#[55]">DMA2_Stream3_IRQHandler</a> from startup_stm32f746xx.o(.text) referenced from startup_stm32f746xx.o(RESET)
 <LI><a href="#[56]">DMA2_Stream4_IRQHandler</a> from sai_stm32f7xx.o(i.DMA2_Stream4_IRQHandler) referenced from startup_stm32f746xx.o(RESET)
 <LI><a href="#[5e]">DMA2_Stream5_IRQHandler</a> from startup_stm32f746xx.o(.text) referenced from startup_stm32f746xx.o(RESET)
 <LI><a href="#[5f]">DMA2_Stream6_IRQHandler</a> from startup_stm32f746xx.o(.text) referenced from startup_stm32f746xx.o(RESET)
 <LI><a href="#[60]">DMA2_Stream7_IRQHandler</a> from sai_stm32f7xx.o(i.DMA2_Stream7_IRQHandler) referenced from startup_stm32f746xx.o(RESET)
 <LI><a href="#[17]">DebugMon_Handler</a> from startup_stm32f746xx.o(.text) referenced from startup_stm32f746xx.o(RESET)
 <LI><a href="#[91]">DebugStation</a> from debug.o(i.DebugStation) referenced from main.o(i.main)
 <LI><a href="#[57]">ETH_IRQHandler</a> from startup_stm32f746xx.o(.text) referenced from startup_stm32f746xx.o(RESET)
 <LI><a href="#[58]">ETH_WKUP_IRQHandler</a> from startup_stm32f746xx.o(.text) referenced from startup_stm32f746xx.o(RESET)
 <LI><a href="#[20]">EXTI0_IRQHandler</a> from startup_stm32f746xx.o(.text) referenced from startup_stm32f746xx.o(RESET)
 <LI><a href="#[42]">EXTI15_10_IRQHandler</a> from startup_stm32f746xx.o(.text) referenced from startup_stm32f746xx.o(RESET)
 <LI><a href="#[21]">EXTI1_IRQHandler</a> from startup_stm32f746xx.o(.text) referenced from startup_stm32f746xx.o(RESET)
 <LI><a href="#[22]">EXTI2_IRQHandler</a> from startup_stm32f746xx.o(.text) referenced from startup_stm32f746xx.o(RESET)
 <LI><a href="#[23]">EXTI3_IRQHandler</a> from startup_stm32f746xx.o(.text) referenced from startup_stm32f746xx.o(RESET)
 <LI><a href="#[24]">EXTI4_IRQHandler</a> from startup_stm32f746xx.o(.text) referenced from startup_stm32f746xx.o(RESET)
 <LI><a href="#[31]">EXTI9_5_IRQHandler</a> from ext_keyboard.o(i.EXTI9_5_IRQHandler) referenced from startup_stm32f746xx.o(RESET)
 <LI><a href="#[1e]">FLASH_IRQHandler</a> from startup_stm32f746xx.o(.text) referenced from startup_stm32f746xx.o(RESET)
 <LI><a href="#[4a]">FMC_IRQHandler</a> from startup_stm32f746xx.o(.text) referenced from startup_stm32f746xx.o(RESET)
 <LI><a href="#[6a]">FPU_IRQHandler</a> from startup_stm32f746xx.o(.text) referenced from startup_stm32f746xx.o(RESET)
 <LI><a href="#[90]">GTimerThreadHandler</a> from gtimer.o(i.GTimerThreadHandler) referenced from gtimer.o(i.gtimerStart)
 <LI><a href="#[12]">HardFault_Handler</a> from startup_stm32f746xx.o(.text) referenced from startup_stm32f746xx.o(RESET)
 <LI><a href="#[3a]">I2C1_ER_IRQHandler</a> from startup_stm32f746xx.o(.text) referenced from startup_stm32f746xx.o(RESET)
 <LI><a href="#[39]">I2C1_EV_IRQHandler</a> from startup_stm32f746xx.o(.text) referenced from startup_stm32f746xx.o(RESET)
 <LI><a href="#[3c]">I2C2_ER_IRQHandler</a> from startup_stm32f746xx.o(.text) referenced from startup_stm32f746xx.o(RESET)
 <LI><a href="#[3b]">I2C2_EV_IRQHandler</a> from startup_stm32f746xx.o(.text) referenced from startup_stm32f746xx.o(RESET)
 <LI><a href="#[ce]">I2C3_Control</a> from i2c_stm32f7xx.o(i.I2C3_Control) referenced from i2c_stm32f7xx.o(.constdata)
 <LI><a href="#[63]">I2C3_ER_IRQHandler</a> from i2c_stm32f7xx.o(i.I2C3_ER_IRQHandler) referenced from startup_stm32f746xx.o(RESET)
 <LI><a href="#[62]">I2C3_EV_IRQHandler</a> from i2c_stm32f7xx.o(i.I2C3_EV_IRQHandler) referenced from startup_stm32f746xx.o(RESET)
 <LI><a href="#[cd]">I2C3_GetDataCount</a> from i2c_stm32f7xx.o(i.I2C3_GetDataCount) referenced from i2c_stm32f7xx.o(.constdata)
 <LI><a href="#[cf]">I2C3_GetStatus</a> from i2c_stm32f7xx.o(i.I2C3_GetStatus) referenced from i2c_stm32f7xx.o(.constdata)
 <LI><a href="#[c6]">I2C3_Initialize</a> from i2c_stm32f7xx.o(i.I2C3_Initialize) referenced from i2c_stm32f7xx.o(.constdata)
 <LI><a href="#[ca]">I2C3_MasterReceive</a> from i2c_stm32f7xx.o(i.I2C3_MasterReceive) referenced from i2c_stm32f7xx.o(.constdata)
 <LI><a href="#[c9]">I2C3_MasterTransmit</a> from i2c_stm32f7xx.o(i.I2C3_MasterTransmit) referenced from i2c_stm32f7xx.o(.constdata)
 <LI><a href="#[c8]">I2C3_PowerControl</a> from i2c_stm32f7xx.o(i.I2C3_PowerControl) referenced from i2c_stm32f7xx.o(.constdata)
 <LI><a href="#[cc]">I2C3_SlaveReceive</a> from i2c_stm32f7xx.o(i.I2C3_SlaveReceive) referenced from i2c_stm32f7xx.o(.constdata)
 <LI><a href="#[cb]">I2C3_SlaveTransmit</a> from i2c_stm32f7xx.o(i.I2C3_SlaveTransmit) referenced from i2c_stm32f7xx.o(.constdata)
 <LI><a href="#[c7]">I2C3_Uninitialize</a> from i2c_stm32f7xx.o(i.I2C3_Uninitialize) referenced from i2c_stm32f7xx.o(.constdata)
 <LI><a href="#[79]">I2C4_ER_IRQHandler</a> from startup_stm32f746xx.o(.text) referenced from startup_stm32f746xx.o(RESET)
 <LI><a href="#[78]">I2C4_EV_IRQHandler</a> from startup_stm32f746xx.o(.text) referenced from startup_stm32f746xx.o(RESET)
 <LI><a href="#[c5]">I2CX_GetCapabilities</a> from i2c_stm32f7xx.o(i.I2CX_GetCapabilities) referenced from i2c_stm32f7xx.o(.constdata)
 <LI><a href="#[c4]">I2CX_GetVersion</a> from i2c_stm32f7xx.o(i.I2CX_GetVersion) referenced from i2c_stm32f7xx.o(.constdata)
 <LI><a href="#[101]">ImageDestroy</a> from gwin_image.o(i.ImageDestroy) referenced from gwin_image.o(.constdata)
 <LI><a href="#[102]">ImageRedraw</a> from gwin_image.o(i.ImageRedraw) referenced from gwin_image.o(.constdata)
 <LI><a href="#[9b]">LCD</a> from lcd.o(i.LCD) referenced from main.o(i.main)
 <LI><a href="#[76]">LPTIM1_IRQHandler</a> from startup_stm32f746xx.o(.text) referenced from startup_stm32f746xx.o(RESET)
 <LI><a href="#[72]">LTDC_ER_IRQHandler</a> from startup_stm32f746xx.o(.text) referenced from startup_stm32f746xx.o(RESET)
 <LI><a href="#[71]">LTDC_IRQHandler</a> from startup_stm32f746xx.o(.text) referenced from startup_stm32f746xx.o(RESET)
 <LI><a href="#[94]">MacReceiver</a> from mac_receiver.o(i.MacReceiver) referenced from main.o(i.main)
 <LI><a href="#[95]">MacSender</a> from mac_sender.o(i.MacSender) referenced from main.o(i.main)
 <LI><a href="#[13]">MemManage_Handler</a> from startup_stm32f746xx.o(.text) referenced from startup_stm32f746xx.o(RESET)
 <LI><a href="#[86]">MousePoll</a> from ginput_mouse.o(i.MousePoll) referenced from ginput_mouse.o(i._gmouseInitDriver)
 <LI><a href="#[11]">NMI_Handler</a> from startup_stm32f746xx.o(.text) referenced from startup_stm32f746xx.o(RESET)
 <LI><a href="#[5d]">OTG_FS_IRQHandler</a> from startup_stm32f746xx.o(.text) referenced from startup_stm32f746xx.o(RESET)
 <LI><a href="#[44]">OTG_FS_WKUP_IRQHandler</a> from startup_stm32f746xx.o(.text) referenced from startup_stm32f746xx.o(RESET)
 <LI><a href="#[65]">OTG_HS_EP1_IN_IRQHandler</a> from startup_stm32f746xx.o(.text) referenced from startup_stm32f746xx.o(RESET)
 <LI><a href="#[64]">OTG_HS_EP1_OUT_IRQHandler</a> from startup_stm32f746xx.o(.text) referenced from startup_stm32f746xx.o(RESET)
 <LI><a href="#[67]">OTG_HS_IRQHandler</a> from startup_stm32f746xx.o(.text) referenced from startup_stm32f746xx.o(RESET)
 <LI><a href="#[66]">OTG_HS_WKUP_IRQHandler</a> from startup_stm32f746xx.o(.text) referenced from startup_stm32f746xx.o(RESET)
 <LI><a href="#[1b]">PVD_IRQHandler</a> from startup_stm32f746xx.o(.text) referenced from startup_stm32f746xx.o(RESET)
 <LI><a href="#[18]">PendSV_Handler</a> from irq_armv7m.o(.text) referenced from startup_stm32f746xx.o(RESET)
 <LI><a href="#[92]">PhReceiver</a> from phy_receiver.o(i.PhReceiver) referenced from main.o(i.main)
 <LI><a href="#[93]">PhSender</a> from phy_sender.o(i.PhSender) referenced from main.o(i.main)
 <LI><a href="#[75]">QUADSPI_IRQHandler</a> from startup_stm32f746xx.o(.text) referenced from startup_stm32f746xx.o(RESET)
 <LI><a href="#[1f]">RCC_IRQHandler</a> from startup_stm32f746xx.o(.text) referenced from startup_stm32f746xx.o(RESET)
 <LI><a href="#[69]">RNG_IRQHandler</a> from startup_stm32f746xx.o(.text) referenced from startup_stm32f746xx.o(RESET)
 <LI><a href="#[f1]">ROMClose</a> from gfile_fs_rom.o(i.ROMClose) referenced from gfile_fs_rom.o(.constdata)
 <LI><a href="#[f5]">ROMEof</a> from gfile_fs_rom.o(i.ROMEof) referenced from gfile_fs_rom.o(.constdata)
 <LI><a href="#[ee]">ROMExists</a> from gfile_fs_rom.o(i.ROMExists) referenced from gfile_fs_rom.o(.constdata)
 <LI><a href="#[ef]">ROMFilesize</a> from gfile_fs_rom.o(i.ROMFilesize) referenced from gfile_fs_rom.o(.constdata)
 <LI><a href="#[f4]">ROMGetsize</a> from gfile_fs_rom.o(i.ROMGetsize) referenced from gfile_fs_rom.o(.constdata)
 <LI><a href="#[f0]">ROMOpen</a> from gfile_fs_rom.o(i.ROMOpen) referenced from gfile_fs_rom.o(.constdata)
 <LI><a href="#[f2]">ROMRead</a> from gfile_fs_rom.o(i.ROMRead) referenced from gfile_fs_rom.o(.constdata)
 <LI><a href="#[f3]">ROMSetpos</a> from gfile_fs_rom.o(i.ROMSetpos) referenced from gfile_fs_rom.o(.constdata)
 <LI><a href="#[43]">RTC_Alarm_IRQHandler</a> from startup_stm32f746xx.o(.text) referenced from startup_stm32f746xx.o(RESET)
 <LI><a href="#[1d]">RTC_WKUP_IRQHandler</a> from startup_stm32f746xx.o(.text) referenced from startup_stm32f746xx.o(RESET)
 <LI><a href="#[105]">RadioMouseDown</a> from gwin_radio.o(i.RadioMouseDown) referenced from gwin_radio.o(.constdata)
 <LI><a href="#[88]">RedrawTimerFn</a> from gwin_wm.o(i.RedrawTimerFn) referenced from gwin_wm.o(i._gwmInit)
 <LI><a href="#[10]">Reset_Handler</a> from startup_stm32f746xx.o(.text) referenced from startup_stm32f746xx.o(RESET)
 <LI><a href="#[70]">SAI1_IRQHandler</a> from startup_stm32f746xx.o(.text) referenced from startup_stm32f746xx.o(RESET)
 <LI><a href="#[d0]">SAI2_A_DMA_Complete</a> from sai_stm32f7xx.o(i.SAI2_A_DMA_Complete) referenced from sai_stm32f7xx.o(.constdata)
 <LI><a href="#[d1]">SAI2_B_DMA_Complete</a> from sai_stm32f7xx.o(i.SAI2_B_DMA_Complete) referenced from sai_stm32f7xx.o(.constdata)
 <LI><a href="#[db]">SAI2_Control</a> from sai_stm32f7xx.o(i.SAI2_Control) referenced from sai_stm32f7xx.o(.constdata)
 <LI><a href="#[d3]">SAI2_GetCapabilities</a> from sai_stm32f7xx.o(i.SAI2_GetCapabilities) referenced from sai_stm32f7xx.o(.constdata)
 <LI><a href="#[da]">SAI2_GetRxCount</a> from sai_stm32f7xx.o(i.SAI2_GetRxCount) referenced from sai_stm32f7xx.o(.constdata)
 <LI><a href="#[dc]">SAI2_GetStatus</a> from sai_stm32f7xx.o(i.SAI2_GetStatus) referenced from sai_stm32f7xx.o(.constdata)
 <LI><a href="#[d9]">SAI2_GetTxCount</a> from sai_stm32f7xx.o(i.SAI2_GetTxCount) referenced from sai_stm32f7xx.o(.constdata)
 <LI><a href="#[74]">SAI2_IRQHandler</a> from sai_stm32f7xx.o(i.SAI2_IRQHandler) referenced from startup_stm32f746xx.o(RESET)
 <LI><a href="#[d4]">SAI2_Initialize</a> from sai_stm32f7xx.o(i.SAI2_Initialize) referenced from sai_stm32f7xx.o(.constdata)
 <LI><a href="#[d6]">SAI2_PowerControl</a> from sai_stm32f7xx.o(i.SAI2_PowerControl) referenced from sai_stm32f7xx.o(.constdata)
 <LI><a href="#[d8]">SAI2_Receive</a> from sai_stm32f7xx.o(i.SAI2_Receive) referenced from sai_stm32f7xx.o(.constdata)
 <LI><a href="#[d7]">SAI2_Send</a> from sai_stm32f7xx.o(i.SAI2_Send) referenced from sai_stm32f7xx.o(.constdata)
 <LI><a href="#[d5]">SAI2_Uninitialize</a> from sai_stm32f7xx.o(i.SAI2_Uninitialize) referenced from sai_stm32f7xx.o(.constdata)
 <LI><a href="#[d2]">SAI_GetVersion</a> from sai_stm32f7xx.o(i.SAI_GetVersion) referenced from sai_stm32f7xx.o(.constdata)
 <LI><a href="#[4b]">SDMMC1_IRQHandler</a> from startup_stm32f746xx.o(.text) referenced from startup_stm32f746xx.o(RESET)
 <LI><a href="#[7a]">SPDIF_RX_IRQHandler</a> from startup_stm32f746xx.o(.text) referenced from startup_stm32f746xx.o(RESET)
 <LI><a href="#[3d]">SPI1_IRQHandler</a> from startup_stm32f746xx.o(.text) referenced from startup_stm32f746xx.o(RESET)
 <LI><a href="#[3e]">SPI2_IRQHandler</a> from startup_stm32f746xx.o(.text) referenced from startup_stm32f746xx.o(RESET)
 <LI><a href="#[4d]">SPI3_IRQHandler</a> from startup_stm32f746xx.o(.text) referenced from startup_stm32f746xx.o(RESET)
 <LI><a href="#[6d]">SPI4_IRQHandler</a> from startup_stm32f746xx.o(.text) referenced from startup_stm32f746xx.o(RESET)
 <LI><a href="#[6e]">SPI5_IRQHandler</a> from startup_stm32f746xx.o(.text) referenced from startup_stm32f746xx.o(RESET)
 <LI><a href="#[6f]">SPI6_IRQHandler</a> from startup_stm32f746xx.o(.text) referenced from startup_stm32f746xx.o(RESET)
 <LI><a href="#[16]">SVC_Handler</a> from irq_armv7m.o(.text) referenced from startup_stm32f746xx.o(RESET)
 <LI><a href="#[19]">SysTick_Handler</a> from irq_armv7m.o(.text) referenced from startup_stm32f746xx.o(RESET)
 <LI><a href="#[19]">SysTick_Handler</a> from irq_armv7m.o(.text) referenced from rtx_kernel.o(i.svcRtxKernelStart)
 <LI><a href="#[7b]">SystemInit</a> from system_stm32f7xx.o(i.SystemInit) referenced from startup_stm32f746xx.o(.text)
 <LI><a href="#[1c]">TAMP_STAMP_IRQHandler</a> from startup_stm32f746xx.o(.text) referenced from startup_stm32f746xx.o(RESET)
 <LI><a href="#[32]">TIM1_BRK_TIM9_IRQHandler</a> from startup_stm32f746xx.o(.text) referenced from startup_stm32f746xx.o(RESET)
 <LI><a href="#[35]">TIM1_CC_IRQHandler</a> from startup_stm32f746xx.o(.text) referenced from startup_stm32f746xx.o(RESET)
 <LI><a href="#[34]">TIM1_TRG_COM_TIM11_IRQHandler</a> from startup_stm32f746xx.o(.text) referenced from startup_stm32f746xx.o(RESET)
 <LI><a href="#[33]">TIM1_UP_TIM10_IRQHandler</a> from startup_stm32f746xx.o(.text) referenced from startup_stm32f746xx.o(RESET)
 <LI><a href="#[36]">TIM2_IRQHandler</a> from startup_stm32f746xx.o(.text) referenced from startup_stm32f746xx.o(RESET)
 <LI><a href="#[37]">TIM3_IRQHandler</a> from startup_stm32f746xx.o(.text) referenced from startup_stm32f746xx.o(RESET)
 <LI><a href="#[38]">TIM4_IRQHandler</a> from startup_stm32f746xx.o(.text) referenced from startup_stm32f746xx.o(RESET)
 <LI><a href="#[4c]">TIM5_IRQHandler</a> from startup_stm32f746xx.o(.text) referenced from startup_stm32f746xx.o(RESET)
 <LI><a href="#[50]">TIM6_DAC_IRQHandler</a> from startup_stm32f746xx.o(.text) referenced from startup_stm32f746xx.o(RESET)
 <LI><a href="#[51]">TIM7_IRQHandler</a> from startup_stm32f746xx.o(.text) referenced from startup_stm32f746xx.o(RESET)
 <LI><a href="#[45]">TIM8_BRK_TIM12_IRQHandler</a> from startup_stm32f746xx.o(.text) referenced from startup_stm32f746xx.o(RESET)
 <LI><a href="#[48]">TIM8_CC_IRQHandler</a> from startup_stm32f746xx.o(.text) referenced from startup_stm32f746xx.o(RESET)
 <LI><a href="#[47]">TIM8_TRG_COM_TIM14_IRQHandler</a> from startup_stm32f746xx.o(.text) referenced from startup_stm32f746xx.o(RESET)
 <LI><a href="#[46]">TIM8_UP_TIM13_IRQHandler</a> from startup_stm32f746xx.o(.text) referenced from startup_stm32f746xx.o(RESET)
 <LI><a href="#[96]">TimeReceiver</a> from time_receiver.o(i.TimeReceiver) referenced from main.o(i.main)
 <LI><a href="#[97]">TimeSender</a> from time_sender.o(i.TimeSender) referenced from main.o(i.main)
 <LI><a href="#[9a]">Touch</a> from touch.o(i.Touch) referenced from main.o(i.main)
 <LI><a href="#[4e]">UART4_IRQHandler</a> from startup_stm32f746xx.o(.text) referenced from startup_stm32f746xx.o(RESET)
 <LI><a href="#[4f]">UART5_IRQHandler</a> from startup_stm32f746xx.o(.text) referenced from startup_stm32f746xx.o(RESET)
 <LI><a href="#[6b]">UART7_IRQHandler</a> from startup_stm32f746xx.o(.text) referenced from startup_stm32f746xx.o(RESET)
 <LI><a href="#[6c]">UART8_IRQHandler</a> from startup_stm32f746xx.o(.text) referenced from startup_stm32f746xx.o(RESET)
 <LI><a href="#[80]">UART_DMAAbortOnError</a> from stm32f7xx_hal_uart.o(i.UART_DMAAbortOnError) referenced from stm32f7xx_hal_uart.o(i.HAL_UART_IRQHandler)
 <LI><a href="#[81]">UART_RxISR_16BIT</a> from stm32f7xx_hal_uart.o(i.UART_RxISR_16BIT) referenced from stm32f7xx_hal_uart.o(i.HAL_UART_Receive_IT)
 <LI><a href="#[82]">UART_RxISR_8BIT</a> from stm32f7xx_hal_uart.o(i.UART_RxISR_8BIT) referenced from stm32f7xx_hal_uart.o(i.HAL_UART_Receive_IT)
 <LI><a href="#[3f]">USART1_IRQHandler</a> from startup_stm32f746xx.o(.text) referenced from startup_stm32f746xx.o(RESET)
 <LI><a href="#[40]">USART2_IRQHandler</a> from startup_stm32f746xx.o(.text) referenced from startup_stm32f746xx.o(RESET)
 <LI><a href="#[41]">USART3_IRQHandler</a> from startup_stm32f746xx.o(.text) referenced from startup_stm32f746xx.o(RESET)
 <LI><a href="#[61]">USART6_IRQHandler</a> from ext_uart.o(i.USART6_IRQHandler) referenced from startup_stm32f746xx.o(RESET)
 <LI><a href="#[15]">UsageFault_Handler</a> from startup_stm32f746xx.o(.text) referenced from startup_stm32f746xx.o(RESET)
 <LI><a href="#[108]">WM_Add</a> from gwin_wm.o(i.WM_Add) referenced from gwin_wm.o(.constdata)
 <LI><a href="#[107]">WM_DeInit</a> from gwin_wm.o(i.WM_DeInit) referenced from gwin_wm.o(.constdata)
 <LI><a href="#[109]">WM_Delete</a> from gwin_wm.o(i.WM_Delete) referenced from gwin_wm.o(.constdata)
 <LI><a href="#[106]">WM_Init</a> from gwin_wm.o(i.WM_Init) referenced from gwin_wm.o(.constdata)
 <LI><a href="#[10e]">WM_MinMax</a> from gwin_wm.o(i.WM_MinMax) referenced from gwin_wm.o(.constdata)
 <LI><a href="#[10c]">WM_Move</a> from gwin_wm.o(i.WM_Move) referenced from gwin_wm.o(.constdata)
 <LI><a href="#[10d]">WM_Raise</a> from gwin_wm.o(i.WM_Raise) referenced from gwin_wm.o(.constdata)
 <LI><a href="#[10a]">WM_Redraw</a> from gwin_wm.o(i.WM_Redraw) referenced from gwin_wm.o(.constdata)
 <LI><a href="#[10b]">WM_Size</a> from gwin_wm.o(i.WM_Size) referenced from gwin_wm.o(.constdata)
 <LI><a href="#[1a]">WWDG_IRQHandler</a> from startup_stm32f746xx.o(.text) referenced from startup_stm32f746xx.o(RESET)
 <LI><a href="#[111]">__main</a> from __main.o(!!!main) referenced from startup_stm32f746xx.o(.text)
 <LI><a href="#[7f]">_fputc$unlocked</a> from fputc.o(i.fputc) referenced from _printf_char_file_locked.o(.text)
 <LI><a href="#[fe]">_gcontainerDestroy</a> from gwin_container.o(i._gcontainerDestroy) referenced from gwin_container.o(.constdata)
 <LI><a href="#[df]">_gdispDeInitDriver</a> from gdisp.o(i._gdispDeInitDriver) referenced from gdisp_lld_stm32ltdc.o(.constdata)
 <LI><a href="#[dd]">_gdispInitDriver</a> from gdisp.o(i._gdispInitDriver) referenced from gdisp_lld_stm32ltdc.o(.constdata)
 <LI><a href="#[de]">_gdispPostInitDriver</a> from gdisp.o(i._gdispPostInitDriver) referenced from gdisp_lld_stm32ltdc.o(.constdata)
 <LI><a href="#[e7]">_gmouseDeInitDriver</a> from ginput_mouse.o(i._gmouseDeInitDriver) referenced from gmouse_lld_ft5336.o(.constdata)
 <LI><a href="#[e5]">_gmouseInitDriver</a> from ginput_mouse.o(i._gmouseInitDriver) referenced from gmouse_lld_ft5336.o(.constdata)
 <LI><a href="#[e6]">_gmousePostInitDriver</a> from ginput_mouse.o(i._gmousePostInitDriver) referenced from gmouse_lld_ft5336.o(.constdata)
 <LI><a href="#[83]">_gwidgetCreate</a> from gwin_widget.o(i._gwidgetCreate) referenced from gwin_checkbox.o(i.SendCheckboxEvent)
 <LI><a href="#[83]">_gwidgetCreate</a> from gwin_widget.o(i._gwidgetCreate) referenced from gwin_radio.o(i.SendRadioEvent)
 <LI><a href="#[83]">_gwidgetCreate</a> from gwin_widget.o(i._gwidgetCreate) referenced from gwin_widget.o(i._gwinSendEvent)
 <LI><a href="#[83]">_gwidgetCreate</a> from gwin_widget.o(i._gwidgetCreate) referenced from gwin_widget.o(i.gwinAttachListener)
 <LI><a href="#[f6]">_gwidgetDestroy</a> from gwin_widget.o(i._gwidgetDestroy) referenced 4 times from gwin_button.o(.constdata)
 <LI><a href="#[f7]">_gwidgetRedraw</a> from gwin_widget.o(i._gwidgetRedraw) referenced 5 times from gwin_button.o(.constdata)
 <LI><a href="#[7e]">_printf_input_char</a> from _printf_char_common.o(.text) referenced from _printf_char_common.o(.text)
 <LI><a href="#[7d]">_sputc</a> from _sputc.o(.text) referenced from noretval__2sprintf.o(.text)
 <LI><a href="#[85]">background_Display_Background</a> from gui.o(i.background_Display_Background) referenced from gui.o(i._createPagestartup)
 <LI><a href="#[84]">background_gray</a> from gui.o(i.background_gray) referenced from gui.o(i._createPageaddressSelectDisplay)
 <LI><a href="#[84]">background_gray</a> from gui.o(i.background_gray) referenced from gui.o(i._createPageconfigDisplay)
 <LI><a href="#[84]">background_gray</a> from gui.o(i.background_gray) referenced from gui.o(i._createPagemainDisplay)
 <LI><a href="#[8d]">drawcharglyph</a> from gdisp.o(i.drawcharglyph) referenced from gdisp.o(i.gdispGDrawStringBox)
 <LI><a href="#[8d]">drawcharglyph</a> from gdisp.o(i.drawcharglyph) referenced from gdisp.o(i.mf_drawline_callback)
 <LI><a href="#[89]">drawcharline</a> from gdisp.o(i.drawcharline) referenced from gdisp.o(i.drawcharglyph)
 <LI><a href="#[89]">drawcharline</a> from gdisp.o(i.drawcharline) referenced from gdisp.o(i.gdispGDrawChar)
 <LI><a href="#[8f]">fillcharglyph</a> from gdisp.o(i.fillcharglyph) referenced from gdisp.o(i.gdispGFillStringBox)
 <LI><a href="#[8f]">fillcharglyph</a> from gdisp.o(i.fillcharglyph) referenced from gdisp.o(i.mf_fillline_callback)
 <LI><a href="#[8a]">fillcharline</a> from gdisp.o(i.fillcharline) referenced from gdisp.o(i.fillcharglyph)
 <LI><a href="#[9d]">fit_leftedge</a> from mf_kerning.o(i.fit_leftedge) referenced from mf_kerning.o(i.mf_compute_kerning)
 <LI><a href="#[9c]">fit_rightedge</a> from mf_kerning.o(i.fit_rightedge) referenced from mf_kerning.o(i.mf_compute_kerning)
 <LI><a href="#[e8]">ft5336Init</a> from gmouse_lld_ft5336.o(i.ft5336Init) referenced from gmouse_lld_ft5336.o(.constdata)
 <LI><a href="#[e9]">ft5336ReadXYZ</a> from gmouse_lld_ft5336.o(i.ft5336ReadXYZ) referenced from gmouse_lld_ft5336.o(.constdata)
 <LI><a href="#[b]">gdispGImageDraw_BMP</a> from gdisp_image_bmp.o(i.gdispGImageDraw_BMP) referenced 2 times from gdisp_image.o(.data)
 <LI><a href="#[f]">gdispImageAdjustPalette_BMP</a> from gdisp_image_bmp.o(i.gdispImageAdjustPalette_BMP) referenced 2 times from gdisp_image.o(.data)
 <LI><a href="#[a]">gdispImageCache_BMP</a> from gdisp_image_bmp.o(i.gdispImageCache_BMP) referenced 2 times from gdisp_image.o(.data)
 <LI><a href="#[9]">gdispImageClose_BMP</a> from gdisp_image_bmp.o(i.gdispImageClose_BMP) referenced 2 times from gdisp_image.o(.data)
 <LI><a href="#[d]">gdispImageGetPaletteSize_BMP</a> from gdisp_image_bmp.o(i.gdispImageGetPaletteSize_BMP) referenced 2 times from gdisp_image.o(.data)
 <LI><a href="#[e]">gdispImageGetPalette_BMP</a> from gdisp_image_bmp.o(i.gdispImageGetPalette_BMP) referenced 2 times from gdisp_image.o(.data)
 <LI><a href="#[c]">gdispImageNext_BMP</a> from gdisp_image_bmp.o(i.gdispImageNext_BMP) referenced 2 times from gdisp_image.o(.data)
 <LI><a href="#[8]">gdispImageOpen_BMP</a> from gdisp_image_bmp.o(i.gdispImageOpen_BMP) referenced 2 times from gdisp_image.o(.data)
 <LI><a href="#[e4]">gdisp_lld_control</a> from gdisp_lld_stm32ltdc.o(i.gdisp_lld_control) referenced from gdisp_lld_stm32ltdc.o(.constdata)
 <LI><a href="#[e1]">gdisp_lld_draw_pixel</a> from gdisp_lld_stm32ltdc.o(i.gdisp_lld_draw_pixel) referenced from gdisp_lld_stm32ltdc.o(.constdata)
 <LI><a href="#[e2]">gdisp_lld_fill_area</a> from gdisp_lld_stm32ltdc.o(i.gdisp_lld_fill_area) referenced from gdisp_lld_stm32ltdc.o(.constdata)
 <LI><a href="#[e3]">gdisp_lld_get_pixel_color</a> from gdisp_lld_stm32ltdc.o(i.gdisp_lld_get_pixel_color) referenced from gdisp_lld_stm32ltdc.o(.constdata)
 <LI><a href="#[e0]">gdisp_lld_init</a> from gdisp_lld_stm32ltdc.o(i.gdisp_lld_init) referenced from gdisp_lld_stm32ltdc.o(.constdata)
 <LI><a href="#[87]">gwidgetEvent</a> from gwin_widget.o(i.gwidgetEvent) referenced from gwin_widget.o(i._gwidgetInit)
 <LI><a href="#[f8]">gwinButtonDraw_Normal</a> from gwin_button.o(i.gwinButtonDraw_Normal) referenced from gwin_button.o(.constdata)
 <LI><a href="#[fb]">gwinCheckboxDraw_CheckOnLeft</a> from gwin_checkbox.o(i.gwinCheckboxDraw_CheckOnLeft) referenced from gwin_checkbox.o(.constdata)
 <LI><a href="#[ff]">gwinContainerDraw_Std</a> from gwin_container.o(i.gwinContainerDraw_Std) referenced from gwin_container.o(.constdata)
 <LI><a href="#[103]">gwinLabelDrawJustifiedLeft</a> from gwin_label.o(i.gwinLabelDrawJustifiedLeft) referenced from gwin_label.o(.constdata)
 <LI><a href="#[104]">gwinRadioDraw_Radio</a> from gwin_radio.o(i.gwinRadioDraw_Radio) referenced from gwin_radio.o(.constdata)
 <LI><a href="#[8b]">mf_countline_callback</a> from gdisp.o(i.mf_countline_callback) referenced from gdisp.o(i.gdispGDrawStringBox)
 <LI><a href="#[8b]">mf_countline_callback</a> from gdisp.o(i.mf_countline_callback) referenced from gdisp.o(i.gdispGFillStringBox)
 <LI><a href="#[8c]">mf_drawline_callback</a> from gdisp.o(i.mf_drawline_callback) referenced from gdisp.o(i.gdispGDrawStringBox)
 <LI><a href="#[8e]">mf_fillline_callback</a> from gdisp.o(i.mf_fillline_callback) referenced from gdisp.o(i.gdispGFillStringBox)
 <LI><a href="#[ea]">mf_rlefont_character_width</a> from mf_rlefont.o(i.mf_rlefont_character_width) referenced 5 times from mf_font.o(.constdata)
 <LI><a href="#[eb]">mf_rlefont_render_character</a> from mf_rlefont.o(i.mf_rlefont_render_character) referenced 5 times from mf_font.o(.constdata)
 <LI><a href="#[ec]">mf_scaled_character_width</a> from mf_scaledfont.o(i.mf_scaled_character_width) referenced 2 times from mf_font.o(.constdata)
 <LI><a href="#[ed]">mf_scaled_render_character</a> from mf_scaledfont.o(i.mf_scaled_render_character) referenced 2 times from mf_font.o(.constdata)
 <LI><a href="#[be]">osRtxEventFlagsPostProcess</a> from rtx_evflags.o(i.osRtxEventFlagsPostProcess) referenced from rtx_evflags.o(i.svcRtxEventFlagsNew)
 <LI><a href="#[b5]">osRtxIdleThread</a> from rtx_config.o(i.osRtxIdleThread) referenced from rtx_thread.o(i.osRtxThreadStartup)
 <LI><a href="#[bf]">osRtxMemoryPoolPostProcess</a> from rtx_mempool.o(i.osRtxMemoryPoolPostProcess) referenced from rtx_mempool.o(i.svcRtxMemoryPoolNew)
 <LI><a href="#[c0]">osRtxMessageQueuePostProcess</a> from rtx_msgqueue.o(i.osRtxMessageQueuePostProcess) referenced from rtx_msgqueue.o(i.svcRtxMessageQueueNew)
 <LI><a href="#[c1]">osRtxSemaphorePostProcess</a> from rtx_semaphore.o(i.osRtxSemaphorePostProcess) referenced from rtx_semaphore.o(i.svcRtxSemaphoreNew)
 <LI><a href="#[c3]">osRtxThreadPostProcess</a> from rtx_thread.o(i.osRtxThreadPostProcess) referenced from rtx_thread.o(i.svcRtxThreadNew)
 <LI><a href="#[110]">osRtxTimerSetup</a> from rtx_timer.o(i.osRtxTimerSetup) referenced from rtx_lib.o(.rodata)
 <LI><a href="#[10f]">osRtxTimerThread</a> from rtx_timer.o(i.osRtxTimerThread) referenced from rtx_lib.o(.rodata)
 <LI><a href="#[b6]">osRtxTimerTick</a> from rtx_timer.o(i.osRtxTimerTick) referenced from rtx_timer.o(i.osRtxTimerSetup)
 <LI><a href="#[c2]">osThreadExit</a> from rtx_thread.o(i.osThreadExit) referenced from rtx_thread.o(i.svcRtxThreadNew)
 <LI><a href="#[9e]">scaled_pixel_callback</a> from mf_scaledfont.o(i.scaled_pixel_callback) referenced from mf_scaledfont.o(i.mf_scaled_render_character)
 <LI><a href="#[9f]">svcRtxDelay</a> from rtx_delay.o(i.svcRtxDelay) referenced from rtx_delay.o(i.osDelay)
 <LI><a href="#[a0]">svcRtxEventFlagsClear</a> from rtx_evflags.o(i.svcRtxEventFlagsClear) referenced from rtx_evflags.o(i.osEventFlagsClear)
 <LI><a href="#[a1]">svcRtxEventFlagsNew</a> from rtx_evflags.o(i.svcRtxEventFlagsNew) referenced from rtx_evflags.o(i.osEventFlagsNew)
 <LI><a href="#[a2]">svcRtxEventFlagsSet</a> from rtx_evflags.o(i.svcRtxEventFlagsSet) referenced from rtx_evflags.o(i.osEventFlagsSet)
 <LI><a href="#[a3]">svcRtxEventFlagsWait</a> from rtx_evflags.o(i.svcRtxEventFlagsWait) referenced from rtx_evflags.o(i.osEventFlagsWait)
 <LI><a href="#[a4]">svcRtxKernelGetState</a> from rtx_kernel.o(i.svcRtxKernelGetState) referenced from rtx_kernel.o(i.osKernelGetState)
 <LI><a href="#[a5]">svcRtxKernelGetTickCount</a> from rtx_kernel.o(i.svcRtxKernelGetTickCount) referenced from rtx_kernel.o(i.osKernelGetTickCount)
 <LI><a href="#[a6]">svcRtxKernelGetTickFreq</a> from rtx_kernel.o(i.svcRtxKernelGetTickFreq) referenced from rtx_kernel.o(i.osKernelGetTickFreq)
 <LI><a href="#[a7]">svcRtxKernelInitialize</a> from rtx_kernel.o(i.svcRtxKernelInitialize) referenced from rtx_kernel.o(i.osKernelInitialize)
 <LI><a href="#[a8]">svcRtxKernelLock</a> from rtx_kernel.o(i.svcRtxKernelLock) referenced from rtx_kernel.o(i.osKernelLock)
 <LI><a href="#[a9]">svcRtxKernelStart</a> from rtx_kernel.o(i.svcRtxKernelStart) referenced from rtx_kernel.o(i.osKernelStart)
 <LI><a href="#[aa]">svcRtxKernelUnlock</a> from rtx_kernel.o(i.svcRtxKernelUnlock) referenced from rtx_kernel.o(i.osKernelUnlock)
 <LI><a href="#[ab]">svcRtxMemoryPoolAlloc</a> from rtx_mempool.o(i.svcRtxMemoryPoolAlloc) referenced from rtx_mempool.o(i.osMemoryPoolAlloc)
 <LI><a href="#[ac]">svcRtxMemoryPoolFree</a> from rtx_mempool.o(i.svcRtxMemoryPoolFree) referenced from rtx_mempool.o(i.osMemoryPoolFree)
 <LI><a href="#[ad]">svcRtxMemoryPoolNew</a> from rtx_mempool.o(i.svcRtxMemoryPoolNew) referenced from rtx_mempool.o(i.osMemoryPoolNew)
 <LI><a href="#[ae]">svcRtxMessageQueueGet</a> from rtx_msgqueue.o(i.svcRtxMessageQueueGet) referenced from rtx_msgqueue.o(i.osMessageQueueGet)
 <LI><a href="#[af]">svcRtxMessageQueueNew</a> from rtx_msgqueue.o(i.svcRtxMessageQueueNew) referenced from rtx_msgqueue.o(i.osMessageQueueNew)
 <LI><a href="#[b0]">svcRtxMessageQueuePut</a> from rtx_msgqueue.o(i.svcRtxMessageQueuePut) referenced from rtx_msgqueue.o(i.osMessageQueuePut)
 <LI><a href="#[b1]">svcRtxMutexAcquire</a> from rtx_mutex.o(i.svcRtxMutexAcquire) referenced from rtx_mutex.o(i.osMutexAcquire)
 <LI><a href="#[b2]">svcRtxMutexDelete</a> from rtx_mutex.o(i.svcRtxMutexDelete) referenced from rtx_mutex.o(i.osMutexDelete)
 <LI><a href="#[b3]">svcRtxMutexNew</a> from rtx_mutex.o(i.svcRtxMutexNew) referenced from rtx_mutex.o(i.osMutexNew)
 <LI><a href="#[b4]">svcRtxMutexRelease</a> from rtx_mutex.o(i.svcRtxMutexRelease) referenced from rtx_mutex.o(i.osMutexRelease)
 <LI><a href="#[b7]">svcRtxSemaphoreAcquire</a> from rtx_semaphore.o(i.svcRtxSemaphoreAcquire) referenced from rtx_semaphore.o(i.osSemaphoreAcquire)
 <LI><a href="#[b8]">svcRtxSemaphoreNew</a> from rtx_semaphore.o(i.svcRtxSemaphoreNew) referenced from rtx_semaphore.o(i.osSemaphoreNew)
 <LI><a href="#[b9]">svcRtxSemaphoreRelease</a> from rtx_semaphore.o(i.svcRtxSemaphoreRelease) referenced from rtx_semaphore.o(i.osSemaphoreRelease)
 <LI><a href="#[ba]">svcRtxThreadExit</a> from rtx_thread.o(i.svcRtxThreadExit) referenced from rtx_thread.o(i.osThreadExit)
 <LI><a href="#[bb]">svcRtxThreadGetId</a> from rtx_thread.o(i.svcRtxThreadGetId) referenced from rtx_thread.o(i.osThreadGetId)
 <LI><a href="#[bc]">svcRtxThreadNew</a> from rtx_thread.o(i.svcRtxThreadNew) referenced from rtx_thread.o(i.osThreadNew)
 <LI><a href="#[bd]">svcRtxThreadYield</a> from rtx_thread.o(i.svcRtxThreadYield) referenced from rtx_thread.o(i.osThreadYield)
</UL>
<P>
<H3>
Global Symbols
</H3>
<P><STRONG><a name="[111]"></a>__main</STRONG> (Thumb, 8 bytes, Stack size 0 bytes, __main.o(!!!main))
<BR><BR>[Calls]<UL><LI><a href="#[116]">&gt;&gt;</a>&nbsp;&nbsp;&nbsp;__scatterload
<LI><a href="#[117]">&gt;&gt;</a>&nbsp;&nbsp;&nbsp;__rt_entry
</UL>

<P><STRONG><a name="[116]"></a>__scatterload</STRONG> (Thumb, 0 bytes, Stack size unknown bytes, __scatter.o(!!!scatter))
<BR><BR>[Called By]<UL><LI><a href="#[111]">&gt;&gt;</a>&nbsp;&nbsp;&nbsp;__main
</UL>

<P><STRONG><a name="[118]"></a>__scatterload_rt2</STRONG> (Thumb, 44 bytes, Stack size unknown bytes, __scatter.o(!!!scatter), UNUSED)
<BR><BR>[Calls]<UL><LI><a href="#[117]">&gt;&gt;</a>&nbsp;&nbsp;&nbsp;__rt_entry
</UL>

<P><STRONG><a name="[39d]"></a>__scatterload_rt2_thumb_only</STRONG> (Thumb, 0 bytes, Stack size unknown bytes, __scatter.o(!!!scatter), UNUSED)

<P><STRONG><a name="[39e]"></a>__scatterload_null</STRONG> (Thumb, 0 bytes, Stack size unknown bytes, __scatter.o(!!!scatter), UNUSED)

<P><STRONG><a name="[39f]"></a>__decompress</STRONG> (Thumb, 90 bytes, Stack size unknown bytes, __dczerorl2.o(!!dczerorl2), UNUSED)

<P><STRONG><a name="[3a0]"></a>__decompress1</STRONG> (Thumb, 0 bytes, Stack size unknown bytes, __dczerorl2.o(!!dczerorl2), UNUSED)

<P><STRONG><a name="[3a1]"></a>__scatterload_zeroinit</STRONG> (Thumb, 28 bytes, Stack size unknown bytes, __scatter_zi.o(!!handler_zi), UNUSED)

<P><STRONG><a name="[119]"></a>_printf_d</STRONG> (Thumb, 0 bytes, Stack size unknown bytes, _printf_d.o(.ARM.Collect$$_printf_percent$$00000009))
<BR><BR>[Stack]<UL><LI>Max Depth = 72 + Unknown Stack Size
<LI>Call Chain = _printf_d &rArr; _printf_int_dec &rArr; _printf_int_common &rArr; _printf_post_padding
</UL>
<BR>[Calls]<UL><LI><a href="#[11a]">&gt;&gt;</a>&nbsp;&nbsp;&nbsp;_printf_int_dec
</UL>

<P><STRONG><a name="[146]"></a>_printf_percent</STRONG> (Thumb, 0 bytes, Stack size unknown bytes, _printf_percent.o(.ARM.Collect$$_printf_percent$$00000000))
<BR><BR>[Called By]<UL><LI><a href="#[144]">&gt;&gt;</a>&nbsp;&nbsp;&nbsp;__printf
</UL>

<P><STRONG><a name="[11b]"></a>_printf_s</STRONG> (Thumb, 0 bytes, Stack size unknown bytes, _printf_s.o(.ARM.Collect$$_printf_percent$$00000014))
<BR><BR>[Stack]<UL><LI>Max Depth = 40 + Unknown Stack Size
<LI>Call Chain = _printf_s &rArr; _printf_string &rArr; _printf_cs_common &rArr; _printf_str &rArr; _printf_post_padding
</UL>
<BR>[Calls]<UL><LI><a href="#[11c]">&gt;&gt;</a>&nbsp;&nbsp;&nbsp;_printf_string
</UL>

<P><STRONG><a name="[3a2]"></a>_printf_percent_end</STRONG> (Thumb, 0 bytes, Stack size unknown bytes, _printf_percent_end.o(.ARM.Collect$$_printf_percent$$00000017))

<P><STRONG><a name="[12c]"></a>__rt_lib_init</STRONG> (Thumb, 0 bytes, Stack size unknown bytes, libinit.o(.ARM.Collect$$libinit$$00000000))
<BR><BR>[Called By]<UL><LI><a href="#[12b]">&gt;&gt;</a>&nbsp;&nbsp;&nbsp;__rt_entry_li
</UL>

<P><STRONG><a name="[11d]"></a>__rt_lib_init_fp_1</STRONG> (Thumb, 0 bytes, Stack size unknown bytes, libinit2.o(.ARM.Collect$$libinit$$00000001))
<BR><BR>[Stack]<UL><LI>Max Depth = 8 + Unknown Stack Size
<LI>Call Chain = __rt_lib_init_fp_1 &rArr; _fp_init
</UL>
<BR>[Calls]<UL><LI><a href="#[11e]">&gt;&gt;</a>&nbsp;&nbsp;&nbsp;_fp_init
</UL>

<P><STRONG><a name="[11f]"></a>__rt_lib_init_heap_2</STRONG> (Thumb, 0 bytes, Stack size unknown bytes, libinit2.o(.ARM.Collect$$libinit$$00000005))
<BR><BR>[Stack]<UL><LI>Max Depth = 168 + Unknown Stack Size
<LI>Call Chain = __rt_lib_init_heap_2 &rArr; _init_alloc &rArr; __Heap_ProvideMemory &rArr; _free_internal &rArr; _mutex_release &rArr; os_kernel_is_active &rArr; osKernelGetState &rArr; svcRtxKernelGetState &rArr; EvrRtxKernelGetState &rArr; EventRecord2 &rArr; EventRecordItem
</UL>
<BR>[Calls]<UL><LI><a href="#[120]">&gt;&gt;</a>&nbsp;&nbsp;&nbsp;_init_alloc
</UL>

<P><STRONG><a name="[3a3]"></a>__rt_lib_init_preinit_1</STRONG> (Thumb, 0 bytes, Stack size unknown bytes, libinit2.o(.ARM.Collect$$libinit$$00000004))

<P><STRONG><a name="[3a4]"></a>__rt_lib_init_atexit_1</STRONG> (Thumb, 0 bytes, Stack size unknown bytes, libinit2.o(.ARM.Collect$$libinit$$0000001B))

<P><STRONG><a name="[3a5]"></a>__rt_lib_init_clock_1</STRONG> (Thumb, 0 bytes, Stack size unknown bytes, libinit2.o(.ARM.Collect$$libinit$$00000021))

<P><STRONG><a name="[3a6]"></a>__rt_lib_init_fp_trap_1</STRONG> (Thumb, 0 bytes, Stack size unknown bytes, libinit2.o(.ARM.Collect$$libinit$$0000001F))

<P><STRONG><a name="[3a7]"></a>__rt_lib_init_getenv_1</STRONG> (Thumb, 0 bytes, Stack size unknown bytes, libinit2.o(.ARM.Collect$$libinit$$00000023))

<P><STRONG><a name="[3a8]"></a>__rt_lib_init_heap_1</STRONG> (Thumb, 0 bytes, Stack size unknown bytes, libinit2.o(.ARM.Collect$$libinit$$0000000A))

<P><STRONG><a name="[3a9]"></a>__rt_lib_init_lc_collate_1</STRONG> (Thumb, 0 bytes, Stack size unknown bytes, libinit2.o(.ARM.Collect$$libinit$$00000011))

<P><STRONG><a name="[3aa]"></a>__rt_lib_init_lc_ctype_1</STRONG> (Thumb, 0 bytes, Stack size unknown bytes, libinit2.o(.ARM.Collect$$libinit$$00000013))

<P><STRONG><a name="[3ab]"></a>__rt_lib_init_lc_monetary_1</STRONG> (Thumb, 0 bytes, Stack size unknown bytes, libinit2.o(.ARM.Collect$$libinit$$00000015))

<P><STRONG><a name="[3ac]"></a>__rt_lib_init_lc_numeric_1</STRONG> (Thumb, 0 bytes, Stack size unknown bytes, libinit2.o(.ARM.Collect$$libinit$$00000017))

<P><STRONG><a name="[3ad]"></a>__rt_lib_init_lc_time_1</STRONG> (Thumb, 0 bytes, Stack size unknown bytes, libinit2.o(.ARM.Collect$$libinit$$00000019))

<P><STRONG><a name="[3ae]"></a>__rt_lib_init_rand_1</STRONG> (Thumb, 0 bytes, Stack size unknown bytes, libinit2.o(.ARM.Collect$$libinit$$0000000E))

<P><STRONG><a name="[3af]"></a>__rt_lib_init_signal_1</STRONG> (Thumb, 0 bytes, Stack size unknown bytes, libinit2.o(.ARM.Collect$$libinit$$0000001D))

<P><STRONG><a name="[121]"></a>__rt_lib_init_stdio_2</STRONG> (Thumb, 0 bytes, Stack size unknown bytes, libinit2.o(.ARM.Collect$$libinit$$00000024))
<BR><BR>[Stack]<UL><LI>Max Depth = 240 + Unknown Stack Size
<LI>Call Chain = __rt_lib_init_stdio_2 &rArr; _initio &rArr; freopen &rArr; _freopen_locked &rArr; _fclose_internal &rArr; free &rArr; _free_internal &rArr; _mutex_release &rArr; os_kernel_is_active &rArr; osKernelGetState &rArr; svcRtxKernelGetState &rArr; EvrRtxKernelGetState &rArr; EventRecord2 &rArr; EventRecordItem
</UL>
<BR>[Calls]<UL><LI><a href="#[122]">&gt;&gt;</a>&nbsp;&nbsp;&nbsp;_initio
</UL>

<P><STRONG><a name="[3b0]"></a>__rt_lib_init_user_alloc_1</STRONG> (Thumb, 0 bytes, Stack size unknown bytes, libinit2.o(.ARM.Collect$$libinit$$0000000C))

<P><STRONG><a name="[3b1]"></a>__rt_lib_init_alloca_1</STRONG> (Thumb, 0 bytes, Stack size unknown bytes, libinit2.o(.ARM.Collect$$libinit$$0000002E))

<P><STRONG><a name="[3b2]"></a>__rt_lib_init_argv_1</STRONG> (Thumb, 0 bytes, Stack size unknown bytes, libinit2.o(.ARM.Collect$$libinit$$0000002C))

<P><STRONG><a name="[3b3]"></a>__rt_lib_init_cpp_1</STRONG> (Thumb, 0 bytes, Stack size unknown bytes, libinit2.o(.ARM.Collect$$libinit$$00000032))

<P><STRONG><a name="[3b4]"></a>__rt_lib_init_exceptions_1</STRONG> (Thumb, 0 bytes, Stack size unknown bytes, libinit2.o(.ARM.Collect$$libinit$$00000030))

<P><STRONG><a name="[3b5]"></a>__rt_lib_init_return</STRONG> (Thumb, 0 bytes, Stack size unknown bytes, libinit2.o(.ARM.Collect$$libinit$$00000033))

<P><STRONG><a name="[3b6]"></a>__rt_lib_init_stdio_1</STRONG> (Thumb, 0 bytes, Stack size unknown bytes, libinit2.o(.ARM.Collect$$libinit$$00000025))

<P><STRONG><a name="[131]"></a>__rt_lib_shutdown</STRONG> (Thumb, 0 bytes, Stack size unknown bytes, libshutdown.o(.ARM.Collect$$libshutdown$$00000000))
<BR><BR>[Called By]<UL><LI><a href="#[130]">&gt;&gt;</a>&nbsp;&nbsp;&nbsp;__rt_exit_ls
</UL>

<P><STRONG><a name="[3b7]"></a>__rt_lib_shutdown_cpp_1</STRONG> (Thumb, 0 bytes, Stack size unknown bytes, libshutdown2.o(.ARM.Collect$$libshutdown$$00000004))

<P><STRONG><a name="[3b8]"></a>__rt_lib_shutdown_fini_1</STRONG> (Thumb, 0 bytes, Stack size unknown bytes, libshutdown2.o(.ARM.Collect$$libshutdown$$00000002))

<P><STRONG><a name="[123]"></a>__rt_lib_shutdown_stdio_2</STRONG> (Thumb, 0 bytes, Stack size unknown bytes, libshutdown2.o(.ARM.Collect$$libshutdown$$00000005))
<BR><BR>[Stack]<UL><LI>Max Depth = 200 + Unknown Stack Size
<LI>Call Chain = __rt_lib_shutdown_stdio_2 &rArr; _terminateio &rArr; _fclose_internal &rArr; free &rArr; _free_internal &rArr; _mutex_release &rArr; os_kernel_is_active &rArr; osKernelGetState &rArr; svcRtxKernelGetState &rArr; EvrRtxKernelGetState &rArr; EventRecord2 &rArr; EventRecordItem
</UL>
<BR>[Calls]<UL><LI><a href="#[124]">&gt;&gt;</a>&nbsp;&nbsp;&nbsp;_terminateio
</UL>

<P><STRONG><a name="[3b9]"></a>__rt_lib_shutdown_fp_trap_1</STRONG> (Thumb, 0 bytes, Stack size unknown bytes, libshutdown2.o(.ARM.Collect$$libshutdown$$00000009))

<P><STRONG><a name="[125]"></a>__rt_lib_shutdown_heap_2</STRONG> (Thumb, 0 bytes, Stack size unknown bytes, libshutdown2.o(.ARM.Collect$$libshutdown$$0000000F))
<BR><BR>[Stack]<UL><LI>Max Depth = 40 + Unknown Stack Size
<LI>Call Chain = __rt_lib_shutdown_heap_2 &rArr; _terminate_alloc &rArr; __Heap_Finalize &rArr; _mutex_free &rArr; osMutexDelete
</UL>
<BR>[Calls]<UL><LI><a href="#[126]">&gt;&gt;</a>&nbsp;&nbsp;&nbsp;_terminate_alloc
</UL>

<P><STRONG><a name="[3ba]"></a>__rt_lib_shutdown_signal_1</STRONG> (Thumb, 0 bytes, Stack size unknown bytes, libshutdown2.o(.ARM.Collect$$libshutdown$$0000000C))

<P><STRONG><a name="[3bb]"></a>__rt_lib_shutdown_stdio_1</STRONG> (Thumb, 0 bytes, Stack size unknown bytes, libshutdown2.o(.ARM.Collect$$libshutdown$$00000006))

<P><STRONG><a name="[3bc]"></a>__rt_lib_shutdown_user_alloc_1</STRONG> (Thumb, 0 bytes, Stack size unknown bytes, libshutdown2.o(.ARM.Collect$$libshutdown$$0000000E))

<P><STRONG><a name="[3bd]"></a>__rt_lib_shutdown_heap_1</STRONG> (Thumb, 0 bytes, Stack size unknown bytes, libshutdown2.o(.ARM.Collect$$libshutdown$$00000011))

<P><STRONG><a name="[3be]"></a>__rt_lib_shutdown_return</STRONG> (Thumb, 0 bytes, Stack size unknown bytes, libshutdown2.o(.ARM.Collect$$libshutdown$$00000012))

<P><STRONG><a name="[117]"></a>__rt_entry</STRONG> (Thumb, 0 bytes, Stack size unknown bytes, __rtentry.o(.ARM.Collect$$rtentry$$00000000))
<BR><BR>[Called By]<UL><LI><a href="#[118]">&gt;&gt;</a>&nbsp;&nbsp;&nbsp;__scatterload_rt2
<LI><a href="#[111]">&gt;&gt;</a>&nbsp;&nbsp;&nbsp;__main
</UL>

<P><STRONG><a name="[3bf]"></a>__rt_entry_presh_1</STRONG> (Thumb, 0 bytes, Stack size unknown bytes, __rtentry2.o(.ARM.Collect$$rtentry$$00000002))

<P><STRONG><a name="[127]"></a>__rt_entry_sh</STRONG> (Thumb, 0 bytes, Stack size unknown bytes, __rtentry4.o(.ARM.Collect$$rtentry$$00000004))
<BR><BR>[Stack]<UL><LI>Max Depth = 8 + Unknown Stack Size
<LI>Call Chain = __rt_entry_sh &rArr; __user_setup_stackheap
</UL>
<BR>[Calls]<UL><LI><a href="#[128]">&gt;&gt;</a>&nbsp;&nbsp;&nbsp;__user_setup_stackheap
</UL>

<P><STRONG><a name="[129]"></a>__rt_entry_postsh_1</STRONG> (Thumb, 0 bytes, Stack size unknown bytes, __rtentry2.o(.ARM.Collect$$rtentry$$00000008))
<BR><BR>[Stack]<UL><LI>Max Depth = 104 + Unknown Stack Size
<LI>Call Chain = __rt_entry_postsh_1 &rArr; _platform_post_stackheap_init &rArr; osKernelInitialize &rArr; EvrRtxKernelInitialize &rArr; EventRecord2 &rArr; EventRecordItem
</UL>
<BR>[Calls]<UL><LI><a href="#[12a]">&gt;&gt;</a>&nbsp;&nbsp;&nbsp;_platform_post_stackheap_init
</UL>

<P><STRONG><a name="[12b]"></a>__rt_entry_li</STRONG> (Thumb, 0 bytes, Stack size unknown bytes, __rtentry2.o(.ARM.Collect$$rtentry$$0000000A))
<BR><BR>[Calls]<UL><LI><a href="#[12c]">&gt;&gt;</a>&nbsp;&nbsp;&nbsp;__rt_lib_init
</UL>

<P><STRONG><a name="[12d]"></a>__rt_entry_main</STRONG> (Thumb, 0 bytes, Stack size unknown bytes, __rtentry2.o(.ARM.Collect$$rtentry$$0000000D))
<BR><BR>[Stack]<UL><LI>Max Depth = 360 + Unknown Stack Size
<LI>Call Chain = __rt_entry_main &rArr; main &rArr; SystemClock_Config &rArr; HAL_RCCEx_PeriphCLKConfig &rArr; HAL_GetTick &rArr; osKernelGetTickCount &rArr; svcRtxKernelGetTickCount &rArr; EvrRtxKernelGetTickCount &rArr; EventRecord2 &rArr; EventRecordItem
</UL>
<BR>[Calls]<UL><LI><a href="#[12e]">&gt;&gt;</a>&nbsp;&nbsp;&nbsp;main
<LI><a href="#[12f]">&gt;&gt;</a>&nbsp;&nbsp;&nbsp;exit
</UL>

<P><STRONG><a name="[3c0]"></a>__rt_entry_postli_1</STRONG> (Thumb, 0 bytes, Stack size unknown bytes, __rtentry2.o(.ARM.Collect$$rtentry$$0000000C))

<P><STRONG><a name="[176]"></a>__rt_exit</STRONG> (Thumb, 0 bytes, Stack size unknown bytes, rtexit.o(.ARM.Collect$$rtexit$$00000000))
<BR><BR>[Called By]<UL><LI><a href="#[12f]">&gt;&gt;</a>&nbsp;&nbsp;&nbsp;exit
</UL>

<P><STRONG><a name="[130]"></a>__rt_exit_ls</STRONG> (Thumb, 0 bytes, Stack size unknown bytes, rtexit2.o(.ARM.Collect$$rtexit$$00000003))
<BR><BR>[Calls]<UL><LI><a href="#[131]">&gt;&gt;</a>&nbsp;&nbsp;&nbsp;__rt_lib_shutdown
</UL>

<P><STRONG><a name="[3c1]"></a>__rt_exit_prels_1</STRONG> (Thumb, 0 bytes, Stack size unknown bytes, rtexit2.o(.ARM.Collect$$rtexit$$00000002))

<P><STRONG><a name="[132]"></a>__rt_exit_exit</STRONG> (Thumb, 0 bytes, Stack size unknown bytes, rtexit2.o(.ARM.Collect$$rtexit$$00000004))
<BR><BR>[Calls]<UL><LI><a href="#[133]">&gt;&gt;</a>&nbsp;&nbsp;&nbsp;_sys_exit
</UL>

<P><STRONG><a name="[3c2]"></a>__asm___13_rtx_evflags_c_e167c757__atomic_wr8</STRONG> (Thumb, 16 bytes, Stack size 0 bytes, rtx_evflags.o(.emb_text), UNUSED)

<P><STRONG><a name="[1a2]"></a>__asm___13_rtx_evflags_c_e167c757__atomic_set32</STRONG> (Thumb, 20 bytes, Stack size 0 bytes, rtx_evflags.o(.emb_text))
<BR><BR>[Called By]<UL><LI><a href="#[1a1]">&gt;&gt;</a>&nbsp;&nbsp;&nbsp;EventFlagsSet
</UL>

<P><STRONG><a name="[1a0]"></a>__asm___13_rtx_evflags_c_e167c757__atomic_clr32</STRONG> (Thumb, 22 bytes, Stack size 0 bytes, rtx_evflags.o(.emb_text))
<BR><BR>[Called By]<UL><LI><a href="#[19f]">&gt;&gt;</a>&nbsp;&nbsp;&nbsp;EventFlagsClear
</UL>

<P><STRONG><a name="[19d]"></a>__asm___13_rtx_evflags_c_e167c757__atomic_chk32_all</STRONG> (Thumb, 38 bytes, Stack size 0 bytes, rtx_evflags.o(.emb_text))
<BR><BR>[Called By]<UL><LI><a href="#[19c]">&gt;&gt;</a>&nbsp;&nbsp;&nbsp;EventFlagsCheck
</UL>

<P><STRONG><a name="[19e]"></a>__asm___13_rtx_evflags_c_e167c757__atomic_chk32_any</STRONG> (Thumb, 34 bytes, Stack size 0 bytes, rtx_evflags.o(.emb_text))
<BR><BR>[Called By]<UL><LI><a href="#[19c]">&gt;&gt;</a>&nbsp;&nbsp;&nbsp;EventFlagsCheck
</UL>

<P><STRONG><a name="[3c3]"></a>__asm___13_rtx_evflags_c_e167c757__atomic_inc32</STRONG> (Thumb, 18 bytes, Stack size 0 bytes, rtx_evflags.o(.emb_text), UNUSED)

<P><STRONG><a name="[3c4]"></a>__asm___13_rtx_evflags_c_e167c757__atomic_inc16_lt</STRONG> (Thumb, 30 bytes, Stack size 0 bytes, rtx_evflags.o(.emb_text), UNUSED)

<P><STRONG><a name="[3c5]"></a>__asm___13_rtx_evflags_c_e167c757__atomic_inc16_lim</STRONG> (Thumb, 26 bytes, Stack size 0 bytes, rtx_evflags.o(.emb_text), UNUSED)

<P><STRONG><a name="[3c6]"></a>__asm___13_rtx_evflags_c_e167c757__atomic_dec32</STRONG> (Thumb, 18 bytes, Stack size 0 bytes, rtx_evflags.o(.emb_text), UNUSED)

<P><STRONG><a name="[3c7]"></a>__asm___13_rtx_evflags_c_e167c757__atomic_dec32_nz</STRONG> (Thumb, 26 bytes, Stack size 0 bytes, rtx_evflags.o(.emb_text), UNUSED)

<P><STRONG><a name="[3c8]"></a>__asm___13_rtx_evflags_c_e167c757__atomic_dec16_nz</STRONG> (Thumb, 26 bytes, Stack size 0 bytes, rtx_evflags.o(.emb_text), UNUSED)

<P><STRONG><a name="[3c9]"></a>__asm___13_rtx_evflags_c_e167c757__atomic_link_get</STRONG> (Thumb, 26 bytes, Stack size 0 bytes, rtx_evflags.o(.emb_text), UNUSED)

<P><STRONG><a name="[134]"></a>__asm___13_rtx_evflags_c_e167c757__atomic_link_put</STRONG> (Thumb, 28 bytes, Stack size 0 bytes, rtx_evflags.o(.emb_text), UNUSED)
<BR><BR>[Calls]<UL><LI><a href="#[134]">&gt;&gt;</a>&nbsp;&nbsp;&nbsp;__asm___13_rtx_evflags_c_e167c757__atomic_link_put
</UL>
<BR>[Called By]<UL><LI><a href="#[134]">&gt;&gt;</a>&nbsp;&nbsp;&nbsp;__asm___13_rtx_evflags_c_e167c757__atomic_link_put
</UL>

<P><STRONG><a name="[3ca]"></a>__asm___13_rtx_mempool_c_7914b4c7__atomic_wr8</STRONG> (Thumb, 16 bytes, Stack size 0 bytes, rtx_mempool.o(.emb_text), UNUSED)

<P><STRONG><a name="[3cb]"></a>__asm___13_rtx_mempool_c_7914b4c7__atomic_set32</STRONG> (Thumb, 20 bytes, Stack size 0 bytes, rtx_mempool.o(.emb_text), UNUSED)

<P><STRONG><a name="[3cc]"></a>__asm___13_rtx_mempool_c_7914b4c7__atomic_clr32</STRONG> (Thumb, 22 bytes, Stack size 0 bytes, rtx_mempool.o(.emb_text), UNUSED)

<P><STRONG><a name="[3cd]"></a>__asm___13_rtx_mempool_c_7914b4c7__atomic_chk32_all</STRONG> (Thumb, 38 bytes, Stack size 0 bytes, rtx_mempool.o(.emb_text), UNUSED)

<P><STRONG><a name="[3ce]"></a>__asm___13_rtx_mempool_c_7914b4c7__atomic_chk32_any</STRONG> (Thumb, 34 bytes, Stack size 0 bytes, rtx_mempool.o(.emb_text), UNUSED)

<P><STRONG><a name="[367]"></a>__asm___13_rtx_mempool_c_7914b4c7__atomic_inc32</STRONG> (Thumb, 18 bytes, Stack size 0 bytes, rtx_mempool.o(.emb_text))
<BR><BR>[Called By]<UL><LI><a href="#[33a]">&gt;&gt;</a>&nbsp;&nbsp;&nbsp;osRtxMemoryPoolAlloc
</UL>

<P><STRONG><a name="[3cf]"></a>__asm___13_rtx_mempool_c_7914b4c7__atomic_inc16_lt</STRONG> (Thumb, 30 bytes, Stack size 0 bytes, rtx_mempool.o(.emb_text), UNUSED)

<P><STRONG><a name="[3d0]"></a>__asm___13_rtx_mempool_c_7914b4c7__atomic_inc16_lim</STRONG> (Thumb, 26 bytes, Stack size 0 bytes, rtx_mempool.o(.emb_text), UNUSED)

<P><STRONG><a name="[368]"></a>__asm___13_rtx_mempool_c_7914b4c7__atomic_dec32</STRONG> (Thumb, 18 bytes, Stack size 0 bytes, rtx_mempool.o(.emb_text))
<BR><BR>[Called By]<UL><LI><a href="#[336]">&gt;&gt;</a>&nbsp;&nbsp;&nbsp;osRtxMemoryPoolFree
</UL>

<P><STRONG><a name="[3d1]"></a>__asm___13_rtx_mempool_c_7914b4c7__atomic_dec32_nz</STRONG> (Thumb, 26 bytes, Stack size 0 bytes, rtx_mempool.o(.emb_text), UNUSED)

<P><STRONG><a name="[3d2]"></a>__asm___13_rtx_mempool_c_7914b4c7__atomic_dec16_nz</STRONG> (Thumb, 26 bytes, Stack size 0 bytes, rtx_mempool.o(.emb_text), UNUSED)

<P><STRONG><a name="[366]"></a>__asm___13_rtx_mempool_c_7914b4c7__atomic_link_get</STRONG> (Thumb, 26 bytes, Stack size 0 bytes, rtx_mempool.o(.emb_text))
<BR><BR>[Called By]<UL><LI><a href="#[33a]">&gt;&gt;</a>&nbsp;&nbsp;&nbsp;osRtxMemoryPoolAlloc
</UL>

<P><STRONG><a name="[135]"></a>__asm___13_rtx_mempool_c_7914b4c7__atomic_link_put</STRONG> (Thumb, 28 bytes, Stack size 0 bytes, rtx_mempool.o(.emb_text))
<BR><BR>[Calls]<UL><LI><a href="#[135]">&gt;&gt;</a>&nbsp;&nbsp;&nbsp;__asm___13_rtx_mempool_c_7914b4c7__atomic_link_put
</UL>
<BR>[Called By]<UL><LI><a href="#[135]">&gt;&gt;</a>&nbsp;&nbsp;&nbsp;__asm___13_rtx_mempool_c_7914b4c7__atomic_link_put
<LI><a href="#[336]">&gt;&gt;</a>&nbsp;&nbsp;&nbsp;osRtxMemoryPoolFree
</UL>

<P><STRONG><a name="[267]"></a>__asm___14_rtx_msgqueue_c_a86a7a93__atomic_wr8</STRONG> (Thumb, 16 bytes, Stack size 0 bytes, rtx_msgqueue.o(.emb_text))
<BR><BR>[Called By]<UL><LI><a href="#[265]">&gt;&gt;</a>&nbsp;&nbsp;&nbsp;MessageQueueGet
</UL>

<P><STRONG><a name="[3d3]"></a>__asm___14_rtx_msgqueue_c_a86a7a93__atomic_set32</STRONG> (Thumb, 20 bytes, Stack size 0 bytes, rtx_msgqueue.o(.emb_text), UNUSED)

<P><STRONG><a name="[3d4]"></a>__asm___14_rtx_msgqueue_c_a86a7a93__atomic_clr32</STRONG> (Thumb, 22 bytes, Stack size 0 bytes, rtx_msgqueue.o(.emb_text), UNUSED)

<P><STRONG><a name="[3d5]"></a>__asm___14_rtx_msgqueue_c_a86a7a93__atomic_chk32_all</STRONG> (Thumb, 38 bytes, Stack size 0 bytes, rtx_msgqueue.o(.emb_text), UNUSED)

<P><STRONG><a name="[3d6]"></a>__asm___14_rtx_msgqueue_c_a86a7a93__atomic_chk32_any</STRONG> (Thumb, 34 bytes, Stack size 0 bytes, rtx_msgqueue.o(.emb_text), UNUSED)

<P><STRONG><a name="[269]"></a>__asm___14_rtx_msgqueue_c_a86a7a93__atomic_inc32</STRONG> (Thumb, 18 bytes, Stack size 0 bytes, rtx_msgqueue.o(.emb_text))
<BR><BR>[Called By]<UL><LI><a href="#[268]">&gt;&gt;</a>&nbsp;&nbsp;&nbsp;MessageQueuePut
</UL>

<P><STRONG><a name="[3d7]"></a>__asm___14_rtx_msgqueue_c_a86a7a93__atomic_inc16_lt</STRONG> (Thumb, 30 bytes, Stack size 0 bytes, rtx_msgqueue.o(.emb_text), UNUSED)

<P><STRONG><a name="[3d8]"></a>__asm___14_rtx_msgqueue_c_a86a7a93__atomic_inc16_lim</STRONG> (Thumb, 26 bytes, Stack size 0 bytes, rtx_msgqueue.o(.emb_text), UNUSED)

<P><STRONG><a name="[3d9]"></a>__asm___14_rtx_msgqueue_c_a86a7a93__atomic_dec32</STRONG> (Thumb, 18 bytes, Stack size 0 bytes, rtx_msgqueue.o(.emb_text), UNUSED)

<P><STRONG><a name="[266]"></a>__asm___14_rtx_msgqueue_c_a86a7a93__atomic_dec32_nz</STRONG> (Thumb, 26 bytes, Stack size 0 bytes, rtx_msgqueue.o(.emb_text))
<BR><BR>[Called By]<UL><LI><a href="#[265]">&gt;&gt;</a>&nbsp;&nbsp;&nbsp;MessageQueueGet
</UL>

<P><STRONG><a name="[3da]"></a>__asm___14_rtx_msgqueue_c_a86a7a93__atomic_dec16_nz</STRONG> (Thumb, 26 bytes, Stack size 0 bytes, rtx_msgqueue.o(.emb_text), UNUSED)

<P><STRONG><a name="[3db]"></a>__asm___14_rtx_msgqueue_c_a86a7a93__atomic_link_get</STRONG> (Thumb, 26 bytes, Stack size 0 bytes, rtx_msgqueue.o(.emb_text), UNUSED)

<P><STRONG><a name="[136]"></a>__asm___14_rtx_msgqueue_c_a86a7a93__atomic_link_put</STRONG> (Thumb, 28 bytes, Stack size 0 bytes, rtx_msgqueue.o(.emb_text), UNUSED)
<BR><BR>[Calls]<UL><LI><a href="#[136]">&gt;&gt;</a>&nbsp;&nbsp;&nbsp;__asm___14_rtx_msgqueue_c_a86a7a93__atomic_link_put
</UL>
<BR>[Called By]<UL><LI><a href="#[136]">&gt;&gt;</a>&nbsp;&nbsp;&nbsp;__asm___14_rtx_msgqueue_c_a86a7a93__atomic_link_put
</UL>

<P><STRONG><a name="[3dc]"></a>__asm___15_rtx_semaphore_c_c705bb47__atomic_wr8</STRONG> (Thumb, 16 bytes, Stack size 0 bytes, rtx_semaphore.o(.emb_text), UNUSED)

<P><STRONG><a name="[3dd]"></a>__asm___15_rtx_semaphore_c_c705bb47__atomic_set32</STRONG> (Thumb, 20 bytes, Stack size 0 bytes, rtx_semaphore.o(.emb_text), UNUSED)

<P><STRONG><a name="[3de]"></a>__asm___15_rtx_semaphore_c_c705bb47__atomic_clr32</STRONG> (Thumb, 22 bytes, Stack size 0 bytes, rtx_semaphore.o(.emb_text), UNUSED)

<P><STRONG><a name="[3df]"></a>__asm___15_rtx_semaphore_c_c705bb47__atomic_chk32_all</STRONG> (Thumb, 38 bytes, Stack size 0 bytes, rtx_semaphore.o(.emb_text), UNUSED)

<P><STRONG><a name="[3e0]"></a>__asm___15_rtx_semaphore_c_c705bb47__atomic_chk32_any</STRONG> (Thumb, 34 bytes, Stack size 0 bytes, rtx_semaphore.o(.emb_text), UNUSED)

<P><STRONG><a name="[3e1]"></a>__asm___15_rtx_semaphore_c_c705bb47__atomic_inc32</STRONG> (Thumb, 18 bytes, Stack size 0 bytes, rtx_semaphore.o(.emb_text), UNUSED)

<P><STRONG><a name="[284]"></a>__asm___15_rtx_semaphore_c_c705bb47__atomic_inc16_lt</STRONG> (Thumb, 30 bytes, Stack size 0 bytes, rtx_semaphore.o(.emb_text))
<BR><BR>[Called By]<UL><LI><a href="#[283]">&gt;&gt;</a>&nbsp;&nbsp;&nbsp;SemaphoreTokenIncrement
</UL>

<P><STRONG><a name="[3e2]"></a>__asm___15_rtx_semaphore_c_c705bb47__atomic_inc16_lim</STRONG> (Thumb, 26 bytes, Stack size 0 bytes, rtx_semaphore.o(.emb_text), UNUSED)

<P><STRONG><a name="[3e3]"></a>__asm___15_rtx_semaphore_c_c705bb47__atomic_dec32</STRONG> (Thumb, 18 bytes, Stack size 0 bytes, rtx_semaphore.o(.emb_text), UNUSED)

<P><STRONG><a name="[3e4]"></a>__asm___15_rtx_semaphore_c_c705bb47__atomic_dec32_nz</STRONG> (Thumb, 26 bytes, Stack size 0 bytes, rtx_semaphore.o(.emb_text), UNUSED)

<P><STRONG><a name="[282]"></a>__asm___15_rtx_semaphore_c_c705bb47__atomic_dec16_nz</STRONG> (Thumb, 26 bytes, Stack size 0 bytes, rtx_semaphore.o(.emb_text))
<BR><BR>[Called By]<UL><LI><a href="#[281]">&gt;&gt;</a>&nbsp;&nbsp;&nbsp;SemaphoreTokenDecrement
</UL>

<P><STRONG><a name="[3e5]"></a>__asm___15_rtx_semaphore_c_c705bb47__atomic_link_get</STRONG> (Thumb, 26 bytes, Stack size 0 bytes, rtx_semaphore.o(.emb_text), UNUSED)

<P><STRONG><a name="[137]"></a>__asm___15_rtx_semaphore_c_c705bb47__atomic_link_put</STRONG> (Thumb, 28 bytes, Stack size 0 bytes, rtx_semaphore.o(.emb_text), UNUSED)
<BR><BR>[Calls]<UL><LI><a href="#[137]">&gt;&gt;</a>&nbsp;&nbsp;&nbsp;__asm___15_rtx_semaphore_c_c705bb47__atomic_link_put
</UL>
<BR>[Called By]<UL><LI><a href="#[137]">&gt;&gt;</a>&nbsp;&nbsp;&nbsp;__asm___15_rtx_semaphore_c_c705bb47__atomic_link_put
</UL>

<P><STRONG><a name="[3e6]"></a>__asm___12_rtx_system_c_024f2f18__atomic_wr8</STRONG> (Thumb, 16 bytes, Stack size 0 bytes, rtx_system.o(.emb_text), UNUSED)

<P><STRONG><a name="[3e7]"></a>__asm___12_rtx_system_c_024f2f18__atomic_set32</STRONG> (Thumb, 20 bytes, Stack size 0 bytes, rtx_system.o(.emb_text), UNUSED)

<P><STRONG><a name="[3e8]"></a>__asm___12_rtx_system_c_024f2f18__atomic_clr32</STRONG> (Thumb, 22 bytes, Stack size 0 bytes, rtx_system.o(.emb_text), UNUSED)

<P><STRONG><a name="[3e9]"></a>__asm___12_rtx_system_c_024f2f18__atomic_chk32_all</STRONG> (Thumb, 38 bytes, Stack size 0 bytes, rtx_system.o(.emb_text), UNUSED)

<P><STRONG><a name="[3ea]"></a>__asm___12_rtx_system_c_024f2f18__atomic_chk32_any</STRONG> (Thumb, 34 bytes, Stack size 0 bytes, rtx_system.o(.emb_text), UNUSED)

<P><STRONG><a name="[3eb]"></a>__asm___12_rtx_system_c_024f2f18__atomic_inc32</STRONG> (Thumb, 18 bytes, Stack size 0 bytes, rtx_system.o(.emb_text), UNUSED)

<P><STRONG><a name="[33f]"></a>__asm___12_rtx_system_c_024f2f18__atomic_inc16_lt</STRONG> (Thumb, 30 bytes, Stack size 0 bytes, rtx_system.o(.emb_text))
<BR><BR>[Called By]<UL><LI><a href="#[33e]">&gt;&gt;</a>&nbsp;&nbsp;&nbsp;isr_queue_put
</UL>

<P><STRONG><a name="[33d]"></a>__asm___12_rtx_system_c_024f2f18__atomic_inc16_lim</STRONG> (Thumb, 26 bytes, Stack size 0 bytes, rtx_system.o(.emb_text))
<BR><BR>[Called By]<UL><LI><a href="#[33e]">&gt;&gt;</a>&nbsp;&nbsp;&nbsp;isr_queue_put
<LI><a href="#[33b]">&gt;&gt;</a>&nbsp;&nbsp;&nbsp;isr_queue_get
</UL>

<P><STRONG><a name="[3ec]"></a>__asm___12_rtx_system_c_024f2f18__atomic_dec32</STRONG> (Thumb, 18 bytes, Stack size 0 bytes, rtx_system.o(.emb_text), UNUSED)

<P><STRONG><a name="[3ed]"></a>__asm___12_rtx_system_c_024f2f18__atomic_dec32_nz</STRONG> (Thumb, 26 bytes, Stack size 0 bytes, rtx_system.o(.emb_text), UNUSED)

<P><STRONG><a name="[33c]"></a>__asm___12_rtx_system_c_024f2f18__atomic_dec16_nz</STRONG> (Thumb, 26 bytes, Stack size 0 bytes, rtx_system.o(.emb_text))
<BR><BR>[Called By]<UL><LI><a href="#[33b]">&gt;&gt;</a>&nbsp;&nbsp;&nbsp;isr_queue_get
</UL>

<P><STRONG><a name="[3ee]"></a>__asm___12_rtx_system_c_024f2f18__atomic_link_get</STRONG> (Thumb, 26 bytes, Stack size 0 bytes, rtx_system.o(.emb_text), UNUSED)

<P><STRONG><a name="[138]"></a>__asm___12_rtx_system_c_024f2f18__atomic_link_put</STRONG> (Thumb, 28 bytes, Stack size 0 bytes, rtx_system.o(.emb_text), UNUSED)
<BR><BR>[Calls]<UL><LI><a href="#[138]">&gt;&gt;</a>&nbsp;&nbsp;&nbsp;__asm___12_rtx_system_c_024f2f18__atomic_link_put
</UL>
<BR>[Called By]<UL><LI><a href="#[138]">&gt;&gt;</a>&nbsp;&nbsp;&nbsp;__asm___12_rtx_system_c_024f2f18__atomic_link_put
</UL>

<P><STRONG><a name="[3ef]"></a>__asm___12_rtx_thread_c_add96be5__atomic_wr8</STRONG> (Thumb, 16 bytes, Stack size 0 bytes, rtx_thread.o(.emb_text), UNUSED)

<P><STRONG><a name="[3f0]"></a>__asm___12_rtx_thread_c_add96be5__atomic_set32</STRONG> (Thumb, 20 bytes, Stack size 0 bytes, rtx_thread.o(.emb_text), UNUSED)

<P><STRONG><a name="[3f1]"></a>__asm___12_rtx_thread_c_add96be5__atomic_clr32</STRONG> (Thumb, 22 bytes, Stack size 0 bytes, rtx_thread.o(.emb_text), UNUSED)

<P><STRONG><a name="[28b]"></a>__asm___12_rtx_thread_c_add96be5__atomic_chk32_all</STRONG> (Thumb, 38 bytes, Stack size 0 bytes, rtx_thread.o(.emb_text))
<BR><BR>[Called By]<UL><LI><a href="#[28a]">&gt;&gt;</a>&nbsp;&nbsp;&nbsp;ThreadFlagsCheck
</UL>

<P><STRONG><a name="[28c]"></a>__asm___12_rtx_thread_c_add96be5__atomic_chk32_any</STRONG> (Thumb, 34 bytes, Stack size 0 bytes, rtx_thread.o(.emb_text))
<BR><BR>[Called By]<UL><LI><a href="#[28a]">&gt;&gt;</a>&nbsp;&nbsp;&nbsp;ThreadFlagsCheck
</UL>

<P><STRONG><a name="[3f2]"></a>__asm___12_rtx_thread_c_add96be5__atomic_inc32</STRONG> (Thumb, 18 bytes, Stack size 0 bytes, rtx_thread.o(.emb_text), UNUSED)

<P><STRONG><a name="[3f3]"></a>__asm___12_rtx_thread_c_add96be5__atomic_inc16_lt</STRONG> (Thumb, 30 bytes, Stack size 0 bytes, rtx_thread.o(.emb_text), UNUSED)

<P><STRONG><a name="[3f4]"></a>__asm___12_rtx_thread_c_add96be5__atomic_inc16_lim</STRONG> (Thumb, 26 bytes, Stack size 0 bytes, rtx_thread.o(.emb_text), UNUSED)

<P><STRONG><a name="[3f5]"></a>__asm___12_rtx_thread_c_add96be5__atomic_dec32</STRONG> (Thumb, 18 bytes, Stack size 0 bytes, rtx_thread.o(.emb_text), UNUSED)

<P><STRONG><a name="[3f6]"></a>__asm___12_rtx_thread_c_add96be5__atomic_dec32_nz</STRONG> (Thumb, 26 bytes, Stack size 0 bytes, rtx_thread.o(.emb_text), UNUSED)

<P><STRONG><a name="[3f7]"></a>__asm___12_rtx_thread_c_add96be5__atomic_dec16_nz</STRONG> (Thumb, 26 bytes, Stack size 0 bytes, rtx_thread.o(.emb_text), UNUSED)

<P><STRONG><a name="[3f8]"></a>__asm___12_rtx_thread_c_add96be5__atomic_link_get</STRONG> (Thumb, 26 bytes, Stack size 0 bytes, rtx_thread.o(.emb_text), UNUSED)

<P><STRONG><a name="[139]"></a>__asm___12_rtx_thread_c_add96be5__atomic_link_put</STRONG> (Thumb, 28 bytes, Stack size 0 bytes, rtx_thread.o(.emb_text), UNUSED)
<BR><BR>[Calls]<UL><LI><a href="#[139]">&gt;&gt;</a>&nbsp;&nbsp;&nbsp;__asm___12_rtx_thread_c_add96be5__atomic_link_put
</UL>
<BR>[Called By]<UL><LI><a href="#[139]">&gt;&gt;</a>&nbsp;&nbsp;&nbsp;__asm___12_rtx_thread_c_add96be5__atomic_link_put
</UL>

<P><STRONG><a name="[20c]"></a>__asm___15_EventRecorder_c_e8d3082c__atomic_inc8</STRONG> (Thumb, 18 bytes, Stack size 0 bytes, eventrecorder.o(.emb_text))
<BR><BR>[Called By]<UL><LI><a href="#[1ab]">&gt;&gt;</a>&nbsp;&nbsp;&nbsp;GetContext
</UL>

<P><STRONG><a name="[1ac]"></a>__asm___15_EventRecorder_c_e8d3082c__atomic_inc32</STRONG> (Thumb, 18 bytes, Stack size 0 bytes, eventrecorder.o(.emb_text))
<BR><BR>[Called By]<UL><LI><a href="#[1a9]">&gt;&gt;</a>&nbsp;&nbsp;&nbsp;EventRecordItem
</UL>

<P><STRONG><a name="[1a5]"></a>__asm___15_EventRecorder_c_e8d3082c__atomic_wr8</STRONG> (Thumb, 16 bytes, Stack size 0 bytes, eventrecorder.o(.emb_text))
<BR><BR>[Called By]<UL><LI><a href="#[1a3]">&gt;&gt;</a>&nbsp;&nbsp;&nbsp;EventGetTS
</UL>

<P><STRONG><a name="[1a6]"></a>__asm___15_EventRecorder_c_e8d3082c__atomic_wr32</STRONG> (Thumb, 16 bytes, Stack size 0 bytes, eventrecorder.o(.emb_text))
<BR><BR>[Called By]<UL><LI><a href="#[1a3]">&gt;&gt;</a>&nbsp;&nbsp;&nbsp;EventGetTS
</UL>

<P><STRONG><a name="[1ad]"></a>__asm___15_EventRecorder_c_e8d3082c__LockRecord</STRONG> (Thumb, 34 bytes, Stack size 0 bytes, eventrecorder.o(.emb_text))
<BR><BR>[Called By]<UL><LI><a href="#[1a9]">&gt;&gt;</a>&nbsp;&nbsp;&nbsp;EventRecordItem
</UL>

<P><STRONG><a name="[1ae]"></a>__asm___15_EventRecorder_c_e8d3082c__UnlockRecord</STRONG> (Thumb, 30 bytes, Stack size 0 bytes, eventrecorder.o(.emb_text))
<BR><BR>[Called By]<UL><LI><a href="#[1a9]">&gt;&gt;</a>&nbsp;&nbsp;&nbsp;EventRecordItem
</UL>

<P><STRONG><a name="[16]"></a>SVC_Handler</STRONG> (Thumb, 156 bytes, Stack size 0 bytes, irq_armv7m.o(.text))
<BR>[Address Reference Count : 1]<UL><LI> startup_stm32f746xx.o(RESET)
</UL>
<P><STRONG><a name="[3f9]"></a>_maybe_terminate_alloc</STRONG> (Thumb, 0 bytes, Stack size 0 bytes, maybetermalloc2.o(.emb_text), UNUSED)

<P><STRONG><a name="[18]"></a>PendSV_Handler</STRONG> (Thumb, 16 bytes, Stack size 0 bytes, irq_armv7m.o(.text))
<BR><BR>[Stack]<UL><LI>Max Depth = 152<LI>Call Chain = PendSV_Handler &rArr; osRtxPendSV_Handler &rArr; osRtxThreadDispatch &rArr; osRtxThreadBlock &rArr; EvrRtxThreadPreempted &rArr; EventRecord2 &rArr; EventRecordItem
</UL>
<BR>[Calls]<UL><LI><a href="#[13a]">&gt;&gt;</a>&nbsp;&nbsp;&nbsp;osRtxPendSV_Handler
</UL>
<BR>[Address Reference Count : 1]<UL><LI> startup_stm32f746xx.o(RESET)
</UL>
<P><STRONG><a name="[19]"></a>SysTick_Handler</STRONG> (Thumb, 16 bytes, Stack size 0 bytes, irq_armv7m.o(.text))
<BR><BR>[Stack]<UL><LI>Max Depth = 144<LI>Call Chain = SysTick_Handler &rArr; osRtxTick_Handler &rArr; osRtxThreadDispatch &rArr; osRtxThreadBlock &rArr; EvrRtxThreadPreempted &rArr; EventRecord2 &rArr; EventRecordItem
</UL>
<BR>[Calls]<UL><LI><a href="#[13b]">&gt;&gt;</a>&nbsp;&nbsp;&nbsp;osRtxTick_Handler
</UL>
<BR>[Address Reference Count : 2]<UL><LI> rtx_kernel.o(i.svcRtxKernelStart)
<LI> startup_stm32f746xx.o(RESET)
</UL>
<P><STRONG><a name="[10]"></a>Reset_Handler</STRONG> (Thumb, 8 bytes, Stack size 0 bytes, startup_stm32f746xx.o(.text))
<BR>[Address Reference Count : 1]<UL><LI> startup_stm32f746xx.o(RESET)
</UL>
<P><STRONG><a name="[11]"></a>NMI_Handler</STRONG> (Thumb, 2 bytes, Stack size 0 bytes, startup_stm32f746xx.o(.text))
<BR><BR>[Calls]<UL><LI><a href="#[11]">&gt;&gt;</a>&nbsp;&nbsp;&nbsp;NMI_Handler
</UL>
<BR>[Called By]<UL><LI><a href="#[11]">&gt;&gt;</a>&nbsp;&nbsp;&nbsp;NMI_Handler
</UL>
<BR>[Address Reference Count : 1]<UL><LI> startup_stm32f746xx.o(RESET)
</UL>
<P><STRONG><a name="[12]"></a>HardFault_Handler</STRONG> (Thumb, 2 bytes, Stack size 0 bytes, startup_stm32f746xx.o(.text))
<BR><BR>[Calls]<UL><LI><a href="#[12]">&gt;&gt;</a>&nbsp;&nbsp;&nbsp;HardFault_Handler
</UL>
<BR>[Called By]<UL><LI><a href="#[12]">&gt;&gt;</a>&nbsp;&nbsp;&nbsp;HardFault_Handler
</UL>
<BR>[Address Reference Count : 1]<UL><LI> startup_stm32f746xx.o(RESET)
</UL>
<P><STRONG><a name="[13]"></a>MemManage_Handler</STRONG> (Thumb, 2 bytes, Stack size 0 bytes, startup_stm32f746xx.o(.text))
<BR><BR>[Calls]<UL><LI><a href="#[13]">&gt;&gt;</a>&nbsp;&nbsp;&nbsp;MemManage_Handler
</UL>
<BR>[Called By]<UL><LI><a href="#[13]">&gt;&gt;</a>&nbsp;&nbsp;&nbsp;MemManage_Handler
</UL>
<BR>[Address Reference Count : 1]<UL><LI> startup_stm32f746xx.o(RESET)
</UL>
<P><STRONG><a name="[14]"></a>BusFault_Handler</STRONG> (Thumb, 2 bytes, Stack size 0 bytes, startup_stm32f746xx.o(.text))
<BR><BR>[Calls]<UL><LI><a href="#[14]">&gt;&gt;</a>&nbsp;&nbsp;&nbsp;BusFault_Handler
</UL>
<BR>[Called By]<UL><LI><a href="#[14]">&gt;&gt;</a>&nbsp;&nbsp;&nbsp;BusFault_Handler
</UL>
<BR>[Address Reference Count : 1]<UL><LI> startup_stm32f746xx.o(RESET)
</UL>
<P><STRONG><a name="[15]"></a>UsageFault_Handler</STRONG> (Thumb, 2 bytes, Stack size 0 bytes, startup_stm32f746xx.o(.text))
<BR><BR>[Calls]<UL><LI><a href="#[15]">&gt;&gt;</a>&nbsp;&nbsp;&nbsp;UsageFault_Handler
</UL>
<BR>[Called By]<UL><LI><a href="#[15]">&gt;&gt;</a>&nbsp;&nbsp;&nbsp;UsageFault_Handler
</UL>
<BR>[Address Reference Count : 1]<UL><LI> startup_stm32f746xx.o(RESET)
</UL>
<P><STRONG><a name="[17]"></a>DebugMon_Handler</STRONG> (Thumb, 2 bytes, Stack size 0 bytes, startup_stm32f746xx.o(.text))
<BR><BR>[Calls]<UL><LI><a href="#[17]">&gt;&gt;</a>&nbsp;&nbsp;&nbsp;DebugMon_Handler
</UL>
<BR>[Called By]<UL><LI><a href="#[17]">&gt;&gt;</a>&nbsp;&nbsp;&nbsp;DebugMon_Handler
</UL>
<BR>[Address Reference Count : 1]<UL><LI> startup_stm32f746xx.o(RESET)
</UL>
<P><STRONG><a name="[2c]"></a>ADC_IRQHandler</STRONG> (Thumb, 0 bytes, Stack size 0 bytes, startup_stm32f746xx.o(.text))
<BR><BR>[Calls]<UL><LI><a href="#[2c]">&gt;&gt;</a>&nbsp;&nbsp;&nbsp;ADC_IRQHandler
</UL>
<BR>[Called By]<UL><LI><a href="#[2c]">&gt;&gt;</a>&nbsp;&nbsp;&nbsp;ADC_IRQHandler
</UL>
<BR>[Address Reference Count : 1]<UL><LI> startup_stm32f746xx.o(RESET)
</UL>
<P><STRONG><a name="[2e]"></a>CAN1_RX0_IRQHandler</STRONG> (Thumb, 0 bytes, Stack size 0 bytes, startup_stm32f746xx.o(.text))
<BR>[Address Reference Count : 1]<UL><LI> startup_stm32f746xx.o(RESET)
</UL>
<P><STRONG><a name="[2f]"></a>CAN1_RX1_IRQHandler</STRONG> (Thumb, 0 bytes, Stack size 0 bytes, startup_stm32f746xx.o(.text))
<BR>[Address Reference Count : 1]<UL><LI> startup_stm32f746xx.o(RESET)
</UL>
<P><STRONG><a name="[30]"></a>CAN1_SCE_IRQHandler</STRONG> (Thumb, 0 bytes, Stack size 0 bytes, startup_stm32f746xx.o(.text))
<BR>[Address Reference Count : 1]<UL><LI> startup_stm32f746xx.o(RESET)
</UL>
<P><STRONG><a name="[2d]"></a>CAN1_TX_IRQHandler</STRONG> (Thumb, 0 bytes, Stack size 0 bytes, startup_stm32f746xx.o(.text))
<BR>[Address Reference Count : 1]<UL><LI> startup_stm32f746xx.o(RESET)
</UL>
<P><STRONG><a name="[5a]"></a>CAN2_RX0_IRQHandler</STRONG> (Thumb, 0 bytes, Stack size 0 bytes, startup_stm32f746xx.o(.text))
<BR>[Address Reference Count : 1]<UL><LI> startup_stm32f746xx.o(RESET)
</UL>
<P><STRONG><a name="[5b]"></a>CAN2_RX1_IRQHandler</STRONG> (Thumb, 0 bytes, Stack size 0 bytes, startup_stm32f746xx.o(.text))
<BR>[Address Reference Count : 1]<UL><LI> startup_stm32f746xx.o(RESET)
</UL>
<P><STRONG><a name="[5c]"></a>CAN2_SCE_IRQHandler</STRONG> (Thumb, 0 bytes, Stack size 0 bytes, startup_stm32f746xx.o(.text))
<BR>[Address Reference Count : 1]<UL><LI> startup_stm32f746xx.o(RESET)
</UL>
<P><STRONG><a name="[59]"></a>CAN2_TX_IRQHandler</STRONG> (Thumb, 0 bytes, Stack size 0 bytes, startup_stm32f746xx.o(.text))
<BR>[Address Reference Count : 1]<UL><LI> startup_stm32f746xx.o(RESET)
</UL>
<P><STRONG><a name="[77]"></a>CEC_IRQHandler</STRONG> (Thumb, 0 bytes, Stack size 0 bytes, startup_stm32f746xx.o(.text))
<BR>[Address Reference Count : 1]<UL><LI> startup_stm32f746xx.o(RESET)
</UL>
<P><STRONG><a name="[68]"></a>DCMI_IRQHandler</STRONG> (Thumb, 0 bytes, Stack size 0 bytes, startup_stm32f746xx.o(.text))
<BR>[Address Reference Count : 1]<UL><LI> startup_stm32f746xx.o(RESET)
</UL>
<P><STRONG><a name="[25]"></a>DMA1_Stream0_IRQHandler</STRONG> (Thumb, 0 bytes, Stack size 0 bytes, startup_stm32f746xx.o(.text))
<BR>[Address Reference Count : 1]<UL><LI> startup_stm32f746xx.o(RESET)
</UL>
<P><STRONG><a name="[26]"></a>DMA1_Stream1_IRQHandler</STRONG> (Thumb, 0 bytes, Stack size 0 bytes, startup_stm32f746xx.o(.text))
<BR>[Address Reference Count : 1]<UL><LI> startup_stm32f746xx.o(RESET)
</UL>
<P><STRONG><a name="[27]"></a>DMA1_Stream2_IRQHandler</STRONG> (Thumb, 0 bytes, Stack size 0 bytes, startup_stm32f746xx.o(.text))
<BR>[Address Reference Count : 1]<UL><LI> startup_stm32f746xx.o(RESET)
</UL>
<P><STRONG><a name="[28]"></a>DMA1_Stream3_IRQHandler</STRONG> (Thumb, 0 bytes, Stack size 0 bytes, startup_stm32f746xx.o(.text))
<BR>[Address Reference Count : 1]<UL><LI> startup_stm32f746xx.o(RESET)
</UL>
<P><STRONG><a name="[29]"></a>DMA1_Stream4_IRQHandler</STRONG> (Thumb, 0 bytes, Stack size 0 bytes, startup_stm32f746xx.o(.text))
<BR>[Address Reference Count : 1]<UL><LI> startup_stm32f746xx.o(RESET)
</UL>
<P><STRONG><a name="[2a]"></a>DMA1_Stream5_IRQHandler</STRONG> (Thumb, 0 bytes, Stack size 0 bytes, startup_stm32f746xx.o(.text))
<BR>[Address Reference Count : 1]<UL><LI> startup_stm32f746xx.o(RESET)
</UL>
<P><STRONG><a name="[2b]"></a>DMA1_Stream6_IRQHandler</STRONG> (Thumb, 0 bytes, Stack size 0 bytes, startup_stm32f746xx.o(.text))
<BR>[Address Reference Count : 1]<UL><LI> startup_stm32f746xx.o(RESET)
</UL>
<P><STRONG><a name="[49]"></a>DMA1_Stream7_IRQHandler</STRONG> (Thumb, 0 bytes, Stack size 0 bytes, startup_stm32f746xx.o(.text))
<BR>[Address Reference Count : 1]<UL><LI> startup_stm32f746xx.o(RESET)
</UL>
<P><STRONG><a name="[73]"></a>DMA2D_IRQHandler</STRONG> (Thumb, 0 bytes, Stack size 0 bytes, startup_stm32f746xx.o(.text))
<BR>[Address Reference Count : 1]<UL><LI> startup_stm32f746xx.o(RESET)
</UL>
<P><STRONG><a name="[52]"></a>DMA2_Stream0_IRQHandler</STRONG> (Thumb, 0 bytes, Stack size 0 bytes, startup_stm32f746xx.o(.text))
<BR>[Address Reference Count : 1]<UL><LI> startup_stm32f746xx.o(RESET)
</UL>
<P><STRONG><a name="[53]"></a>DMA2_Stream1_IRQHandler</STRONG> (Thumb, 0 bytes, Stack size 0 bytes, startup_stm32f746xx.o(.text))
<BR>[Address Reference Count : 1]<UL><LI> startup_stm32f746xx.o(RESET)
</UL>
<P><STRONG><a name="[54]"></a>DMA2_Stream2_IRQHandler</STRONG> (Thumb, 0 bytes, Stack size 0 bytes, startup_stm32f746xx.o(.text))
<BR>[Address Reference Count : 1]<UL><LI> startup_stm32f746xx.o(RESET)
</UL>
<P><STRONG><a name="[55]"></a>DMA2_Stream3_IRQHandler</STRONG> (Thumb, 0 bytes, Stack size 0 bytes, startup_stm32f746xx.o(.text))
<BR>[Address Reference Count : 1]<UL><LI> startup_stm32f746xx.o(RESET)
</UL>
<P><STRONG><a name="[5e]"></a>DMA2_Stream5_IRQHandler</STRONG> (Thumb, 0 bytes, Stack size 0 bytes, startup_stm32f746xx.o(.text))
<BR>[Address Reference Count : 1]<UL><LI> startup_stm32f746xx.o(RESET)
</UL>
<P><STRONG><a name="[5f]"></a>DMA2_Stream6_IRQHandler</STRONG> (Thumb, 0 bytes, Stack size 0 bytes, startup_stm32f746xx.o(.text))
<BR>[Address Reference Count : 1]<UL><LI> startup_stm32f746xx.o(RESET)
</UL>
<P><STRONG><a name="[57]"></a>ETH_IRQHandler</STRONG> (Thumb, 0 bytes, Stack size 0 bytes, startup_stm32f746xx.o(.text))
<BR>[Address Reference Count : 1]<UL><LI> startup_stm32f746xx.o(RESET)
</UL>
<P><STRONG><a name="[58]"></a>ETH_WKUP_IRQHandler</STRONG> (Thumb, 0 bytes, Stack size 0 bytes, startup_stm32f746xx.o(.text))
<BR>[Address Reference Count : 1]<UL><LI> startup_stm32f746xx.o(RESET)
</UL>
<P><STRONG><a name="[20]"></a>EXTI0_IRQHandler</STRONG> (Thumb, 0 bytes, Stack size 0 bytes, startup_stm32f746xx.o(.text))
<BR>[Address Reference Count : 1]<UL><LI> startup_stm32f746xx.o(RESET)
</UL>
<P><STRONG><a name="[42]"></a>EXTI15_10_IRQHandler</STRONG> (Thumb, 0 bytes, Stack size 0 bytes, startup_stm32f746xx.o(.text))
<BR>[Address Reference Count : 1]<UL><LI> startup_stm32f746xx.o(RESET)
</UL>
<P><STRONG><a name="[21]"></a>EXTI1_IRQHandler</STRONG> (Thumb, 0 bytes, Stack size 0 bytes, startup_stm32f746xx.o(.text))
<BR>[Address Reference Count : 1]<UL><LI> startup_stm32f746xx.o(RESET)
</UL>
<P><STRONG><a name="[22]"></a>EXTI2_IRQHandler</STRONG> (Thumb, 0 bytes, Stack size 0 bytes, startup_stm32f746xx.o(.text))
<BR>[Address Reference Count : 1]<UL><LI> startup_stm32f746xx.o(RESET)
</UL>
<P><STRONG><a name="[23]"></a>EXTI3_IRQHandler</STRONG> (Thumb, 0 bytes, Stack size 0 bytes, startup_stm32f746xx.o(.text))
<BR>[Address Reference Count : 1]<UL><LI> startup_stm32f746xx.o(RESET)
</UL>
<P><STRONG><a name="[24]"></a>EXTI4_IRQHandler</STRONG> (Thumb, 0 bytes, Stack size 0 bytes, startup_stm32f746xx.o(.text))
<BR>[Address Reference Count : 1]<UL><LI> startup_stm32f746xx.o(RESET)
</UL>
<P><STRONG><a name="[1e]"></a>FLASH_IRQHandler</STRONG> (Thumb, 0 bytes, Stack size 0 bytes, startup_stm32f746xx.o(.text))
<BR>[Address Reference Count : 1]<UL><LI> startup_stm32f746xx.o(RESET)
</UL>
<P><STRONG><a name="[4a]"></a>FMC_IRQHandler</STRONG> (Thumb, 0 bytes, Stack size 0 bytes, startup_stm32f746xx.o(.text))
<BR>[Address Reference Count : 1]<UL><LI> startup_stm32f746xx.o(RESET)
</UL>
<P><STRONG><a name="[6a]"></a>FPU_IRQHandler</STRONG> (Thumb, 0 bytes, Stack size 0 bytes, startup_stm32f746xx.o(.text))
<BR>[Address Reference Count : 1]<UL><LI> startup_stm32f746xx.o(RESET)
</UL>
<P><STRONG><a name="[3a]"></a>I2C1_ER_IRQHandler</STRONG> (Thumb, 0 bytes, Stack size 0 bytes, startup_stm32f746xx.o(.text))
<BR>[Address Reference Count : 1]<UL><LI> startup_stm32f746xx.o(RESET)
</UL>
<P><STRONG><a name="[39]"></a>I2C1_EV_IRQHandler</STRONG> (Thumb, 0 bytes, Stack size 0 bytes, startup_stm32f746xx.o(.text))
<BR>[Address Reference Count : 1]<UL><LI> startup_stm32f746xx.o(RESET)
</UL>
<P><STRONG><a name="[3c]"></a>I2C2_ER_IRQHandler</STRONG> (Thumb, 0 bytes, Stack size 0 bytes, startup_stm32f746xx.o(.text))
<BR>[Address Reference Count : 1]<UL><LI> startup_stm32f746xx.o(RESET)
</UL>
<P><STRONG><a name="[3b]"></a>I2C2_EV_IRQHandler</STRONG> (Thumb, 0 bytes, Stack size 0 bytes, startup_stm32f746xx.o(.text))
<BR>[Address Reference Count : 1]<UL><LI> startup_stm32f746xx.o(RESET)
</UL>
<P><STRONG><a name="[79]"></a>I2C4_ER_IRQHandler</STRONG> (Thumb, 0 bytes, Stack size 0 bytes, startup_stm32f746xx.o(.text))
<BR>[Address Reference Count : 1]<UL><LI> startup_stm32f746xx.o(RESET)
</UL>
<P><STRONG><a name="[78]"></a>I2C4_EV_IRQHandler</STRONG> (Thumb, 0 bytes, Stack size 0 bytes, startup_stm32f746xx.o(.text))
<BR>[Address Reference Count : 1]<UL><LI> startup_stm32f746xx.o(RESET)
</UL>
[...]
</UL>
<BR>[Calls]<UL><LI><a href="#[190]">&gt;&gt;</a>&nbsp;&nbsp;&nbsp;__aeabi_memcpy
</UL>
<BR>[Address Reference Count : 1]<UL><LI> gfile_fs_rom.o(.constdata)
</UL>
<P><STRONG><a name="[f3]"></a>ROMSetpos</STRONG> (Thumb, 18 bytes, Stack size 0 bytes, gfile_fs_rom.o(i.ROMSetpos))
<BR>[Address Reference Count : 1]<UL><LI> gfile_fs_rom.o(.constdata)
</UL>
<P><STRONG><a name="[20d]"></a>GetMouseReading</STRONG> (Thumb, 1088 bytes, Stack size 32 bytes, ginput_mouse.o(i.GetMouseReading))
<BR><BR>[Stack]<UL><LI>Max Depth = 216<LI>Call Chain = GetMouseReading &rArr; SendMouseEvent &rArr; geventSendEvent &rArr; osSemaphoreRelease &rArr; osRtxPostProcess &rArr; osRtxKernelErrorNotify &rArr; EvrRtxKernelErrorNotify &rArr; EventRecord2 &rArr; EventRecordItem
</UL>
<BR>[Calls]<UL><LI><a href="#[211]">&gt;&gt;</a>&nbsp;&nbsp;&nbsp;osKernelGetTickFreq
<LI><a href="#[209]">&gt;&gt;</a>&nbsp;&nbsp;&nbsp;osKernelGetTickCount
<LI><a href="#[20e]">&gt;&gt;</a>&nbsp;&nbsp;&nbsp;gdispGGetWidth
<LI><a href="#[210]">&gt;&gt;</a>&nbsp;&nbsp;&nbsp;gdispGGetOrientation
<LI><a href="#[20f]">&gt;&gt;</a>&nbsp;&nbsp;&nbsp;gdispGGetHeight
<LI><a href="#[213]">&gt;&gt;</a>&nbsp;&nbsp;&nbsp;geventGetSourceListener
<LI><a href="#[212]">&gt;&gt;</a>&nbsp;&nbsp;&nbsp;SendMouseEvent
</UL>
<BR>[Called By]<UL><LI><a href="#[e6]">&gt;&gt;</a>&nbsp;&nbsp;&nbsp;_gmousePostInitDriver
<LI><a href="#[86]">&gt;&gt;</a>&nbsp;&nbsp;&nbsp;MousePoll
</UL>

<P><STRONG><a name="[86]"></a>MousePoll</STRONG> (Thumb, 56 bytes, Stack size 16 bytes, ginput_mouse.o(i.MousePoll))
<BR><BR>[Stack]<UL><LI>Max Depth = 232<LI>Call Chain = MousePoll &rArr; GetMouseReading &rArr; SendMouseEvent &rArr; geventSendEvent &rArr; osSemaphoreRelease &rArr; osRtxPostProcess &rArr; osRtxKernelErrorNotify &rArr; EvrRtxKernelErrorNotify &rArr; EventRecord2 &rArr; EventRecordItem
</UL>
<BR>[Calls]<UL><LI><a href="#[26a]">&gt;&gt;</a>&nbsp;&nbsp;&nbsp;gdriverGetNext
<LI><a href="#[20d]">&gt;&gt;</a>&nbsp;&nbsp;&nbsp;GetMouseReading
</UL>
<BR>[Address Reference Count : 1]<UL><LI> ginput_mouse.o(i._gmouseInitDriver)
</UL>
<P><STRONG><a name="[212]"></a>SendMouseEvent</STRONG> (Thumb, 212 bytes, Stack size 24 bytes, ginput_mouse.o(i.SendMouseEvent))
<BR><BR>[Stack]<UL><LI>Max Depth = 184<LI>Call Chain = SendMouseEvent &rArr; geventSendEvent &rArr; osSemaphoreRelease &rArr; osRtxPostProcess &rArr; osRtxKernelErrorNotify &rArr; EvrRtxKernelErrorNotify &rArr; EventRecord2 &rArr; EventRecordItem
</UL>
<BR>[Calls]<UL><LI><a href="#[286]">&gt;&gt;</a>&nbsp;&nbsp;&nbsp;geventSendEvent
<LI><a href="#[285]">&gt;&gt;</a>&nbsp;&nbsp;&nbsp;geventGetEventBuffer
</UL>
<BR>[Called By]<UL><LI><a href="#[20d]">&gt;&gt;</a>&nbsp;&nbsp;&nbsp;GetMouseReading
</UL>

<P><STRONG><a name="[90]"></a>GTimerThreadHandler</STRONG> (Thumb, 274 bytes, Stack size 0 bytes, gtimer.o(i.GTimerThreadHandler))
<BR><BR>[Stack]<UL><LI>Max Depth = 120<LI>Call Chain = GTimerThreadHandler &rArr; gfxSemWait &rArr; osKernelGetTickFreq &rArr; svcRtxKernelGetTickFreq &rArr; EvrRtxKernelGetTickFreq &rArr; EventRecord2 &rArr; EventRecordItem
</UL>
<BR>[Calls]<UL><LI><a href="#[20b]">&gt;&gt;</a>&nbsp;&nbsp;&nbsp;osMutexRelease
<LI><a href="#[20a]">&gt;&gt;</a>&nbsp;&nbsp;&nbsp;osMutexAcquire
<LI><a href="#[209]">&gt;&gt;</a>&nbsp;&nbsp;&nbsp;osKernelGetTickCount
<LI><a href="#[207]">&gt;&gt;</a>&nbsp;&nbsp;&nbsp;osThreadYield
<LI><a href="#[208]">&gt;&gt;</a>&nbsp;&nbsp;&nbsp;gfxSemWait
</UL>
<BR>[Address Reference Count : 1]<UL><LI> gtimer.o(i.gtimerStart)
</UL>
<P><STRONG><a name="[f9]"></a>ButtonMouseDown</STRONG> (Thumb, 24 bytes, Stack size 16 bytes, gwin_button.o(i.ButtonMouseDown))
<BR><BR>[Stack]<UL><LI>Max Depth = 184<LI>Call Chain = ButtonMouseDown &rArr; _gwinUpdate &rArr; gtimerJab &rArr; osSemaphoreRelease &rArr; osRtxPostProcess &rArr; osRtxKernelErrorNotify &rArr; EvrRtxKernelErrorNotify &rArr; EventRecord2 &rArr; EventRecordItem
</UL>
<BR>[Calls]<UL><LI><a href="#[188]">&gt;&gt;</a>&nbsp;&nbsp;&nbsp;_gwinUpdate
</UL>
<BR>[Address Reference Count : 1]<UL><LI> gwin_button.o(.constdata)
</UL>
<P><STRONG><a name="[fa]"></a>ButtonMouseUp</STRONG> (Thumb, 62 bytes, Stack size 16 bytes, gwin_button.o(i.ButtonMouseUp))
<BR><BR>[Stack]<UL><LI>Max Depth = 200<LI>Call Chain = ButtonMouseUp &rArr; _gwinSendEvent &rArr; geventSendEvent &rArr; osSemaphoreRelease &rArr; osRtxPostProcess &rArr; osRtxKernelErrorNotify &rArr; EvrRtxKernelErrorNotify &rArr; EventRecord2 &rArr; EventRecordItem
</UL>
<BR>[Calls]<UL><LI><a href="#[188]">&gt;&gt;</a>&nbsp;&nbsp;&nbsp;_gwinUpdate
<LI><a href="#[189]">&gt;&gt;</a>&nbsp;&nbsp;&nbsp;_gwinSendEvent
</UL>
<BR>[Address Reference Count : 1]<UL><LI> gwin_button.o(.constdata)
</UL>
<P><STRONG><a name="[323]"></a>getButtonColors</STRONG> (Thumb, 36 bytes, Stack size 0 bytes, gwin_button.o(i.getButtonColors))
<BR><BR>[Called By]<UL><LI><a href="#[f8]">&gt;&gt;</a>&nbsp;&nbsp;&nbsp;gwinButtonDraw_Normal
</UL>

<P><STRONG><a name="[fc]"></a>CheckboxMouseDown</STRONG> (Thumb, 30 bytes, Stack size 16 bytes, gwin_checkbox.o(i.CheckboxMouseDown))
<BR><BR>[Stack]<UL><LI>Max Depth = 192<LI>Call Chain = CheckboxMouseDown &rArr; SendCheckboxEvent &rArr; geventSendEvent &rArr; osSemaphoreRelease &rArr; osRtxPostProcess &rArr; osRtxKernelErrorNotify &rArr; EvrRtxKernelErrorNotify &rArr; EventRecord2 &rArr; EventRecordItem
</UL>
<BR>[Calls]<UL><LI><a href="#[191]">&gt;&gt;</a>&nbsp;&nbsp;&nbsp;SendCheckboxEvent
<LI><a href="#[188]">&gt;&gt;</a>&nbsp;&nbsp;&nbsp;_gwinUpdate
</UL>
<BR>[Address Reference Count : 1]<UL><LI> gwin_checkbox.o(.constdata)
</UL>
<P><STRONG><a name="[191]"></a>SendCheckboxEvent</STRONG> (Thumb, 80 bytes, Stack size 16 bytes, gwin_checkbox.o(i.SendCheckboxEvent))
<BR><BR>[Stack]<UL><LI>Max Depth = 176<LI>Call Chain = SendCheckboxEvent &rArr; geventSendEvent &rArr; osSemaphoreRelease &rArr; osRtxPostProcess &rArr; osRtxKernelErrorNotify &rArr; EvrRtxKernelErrorNotify &rArr; EventRecord2 &rArr; EventRecordItem
</UL>
<BR>[Calls]<UL><LI><a href="#[286]">&gt;&gt;</a>&nbsp;&nbsp;&nbsp;geventSendEvent
<LI><a href="#[213]">&gt;&gt;</a>&nbsp;&nbsp;&nbsp;geventGetSourceListener
<LI><a href="#[285]">&gt;&gt;</a>&nbsp;&nbsp;&nbsp;geventGetEventBuffer
</UL>
<BR>[Called By]<UL><LI><a href="#[2a9]">&gt;&gt;</a>&nbsp;&nbsp;&nbsp;gwinCheckboxCheck
<LI><a href="#[fc]">&gt;&gt;</a>&nbsp;&nbsp;&nbsp;CheckboxMouseDown
</UL>

<P><STRONG><a name="[324]"></a>getCheckboxColors</STRONG> (Thumb, 36 bytes, Stack size 0 bytes, gwin_checkbox.o(i.getCheckboxColors))
<BR><BR>[Called By]<UL><LI><a href="#[fb]">&gt;&gt;</a>&nbsp;&nbsp;&nbsp;gwinCheckboxDraw_CheckOnLeft
</UL>

<P><STRONG><a name="[fd]"></a>AfterClear</STRONG> (Thumb, 16 bytes, Stack size 0 bytes, gwin_console.o(i.AfterClear))
<BR>[Address Reference Count : 1]<UL><LI> gwin_console.o(.constdata)
</UL>
<P><STRONG><a name="[32c]"></a>ESCPrintColor</STRONG> (Thumb, 76 bytes, Stack size 0 bytes, gwin_console.o(i.ESCPrintColor))
<BR><BR>[Called By]<UL><LI><a href="#[32a]">&gt;&gt;</a>&nbsp;&nbsp;&nbsp;gwinPutChar
</UL>

<P><STRONG><a name="[32b]"></a>ESCtoAttr</STRONG> (Thumb, 148 bytes, Stack size 8 bytes, gwin_console.o(i.ESCtoAttr))
<BR><BR>[Stack]<UL><LI>Max Depth = 8<LI>Call Chain = ESCtoAttr
</UL>
<BR>[Called By]<UL><LI><a href="#[32a]">&gt;&gt;</a>&nbsp;&nbsp;&nbsp;gwinPutChar
</UL>

<P><STRONG><a name="[100]"></a>ContainerBorderSize</STRONG> (Thumb, 18 bytes, Stack size 0 bytes, gwin_container.o(i.ContainerBorderSize))
<BR>[Address Reference Count : 1]<UL><LI> gwin_container.o(.constdata)
</UL>
<P><STRONG><a name="[101]"></a>ImageDestroy</STRONG> (Thumb, 24 bytes, Stack size 8 bytes, gwin_image.o(i.ImageDestroy))
<BR><BR>[Stack]<UL><LI>Max Depth = 24<LI>Call Chain = ImageDestroy &rArr; gdispImageClose &rArr; gfileClose
</UL>
<BR>[Calls]<UL><LI><a href="#[24f]">&gt;&gt;</a>&nbsp;&nbsp;&nbsp;gdispImageIsOpen
<LI><a href="#[250]">&gt;&gt;</a>&nbsp;&nbsp;&nbsp;gdispImageClose
</UL>
<BR>[Address Reference Count : 1]<UL><LI> gwin_image.o(.constdata)
</UL>
<P><STRONG><a name="[102]"></a>ImageRedraw</STRONG> (Thumb, 338 bytes, Stack size 56 bytes, gwin_image.o(i.ImageRedraw))
<BR><BR>[Stack]<UL><LI>Max Depth = 112<LI>Call Chain = ImageRedraw &rArr; gdispGFillArea &rArr; fillarea
</UL>
<BR>[Calls]<UL><LI><a href="#[252]">&gt;&gt;</a>&nbsp;&nbsp;&nbsp;gdispGFillArea
<LI><a href="#[253]">&gt;&gt;</a>&nbsp;&nbsp;&nbsp;gdispImageSetBgColor
<LI><a href="#[24f]">&gt;&gt;</a>&nbsp;&nbsp;&nbsp;gdispImageIsOpen
<LI><a href="#[254]">&gt;&gt;</a>&nbsp;&nbsp;&nbsp;gdispGImageDraw
<LI><a href="#[251]">&gt;&gt;</a>&nbsp;&nbsp;&nbsp;gwinGetDefaultBgColor
</UL>
<BR>[Address Reference Count : 1]<UL><LI> gwin_image.o(.constdata)
</UL>
<P><STRONG><a name="[310]"></a>getheight</STRONG> (Thumb, 18 bytes, Stack size 16 bytes, gwin_label.o(i.getheight))
<BR><BR>[Stack]<UL><LI>Max Depth = 16<LI>Call Chain = getheight
</UL>
<BR>[Calls]<UL><LI><a href="#[311]">&gt;&gt;</a>&nbsp;&nbsp;&nbsp;gdispGetFontMetric
</UL>
<BR>[Called By]<UL><LI><a href="#[2a2]">&gt;&gt;</a>&nbsp;&nbsp;&nbsp;gwinGLabelCreate
<LI><a href="#[328]">&gt;&gt;</a>&nbsp;&nbsp;&nbsp;gwinLabelDraw
</UL>

<P><STRONG><a name="[312]"></a>getwidth</STRONG> (Thumb, 22 bytes, Stack size 16 bytes, gwin_label.o(i.getwidth))
<BR><BR>[Stack]<UL><LI>Max Depth = 232<LI>Call Chain = getwidth &rArr; gdispGetStringWidth &rArr; gdispGetStringWidthCount &rArr; mf_get_string_width &rArr; mf_compute_kerning &rArr; mf_render_character
</UL>
<BR>[Calls]<UL><LI><a href="#[301]">&gt;&gt;</a>&nbsp;&nbsp;&nbsp;gdispGetStringWidth
</UL>
<BR>[Called By]<UL><LI><a href="#[2a2]">&gt;&gt;</a>&nbsp;&nbsp;&nbsp;gwinGLabelCreate
<LI><a href="#[328]">&gt;&gt;</a>&nbsp;&nbsp;&nbsp;gwinLabelDraw
</UL>

<P><STRONG><a name="[328]"></a>gwinLabelDraw</STRONG> (Thumb, 294 bytes, Stack size 56 bytes, gwin_label.o(i.gwinLabelDraw))
<BR><BR>[Stack]<UL><LI>Max Depth = 368<LI>Call Chain = gwinLabelDraw &rArr; gdispGFillStringBox &rArr; mf_render_aligned &rArr; render_right &rArr; mf_compute_kerning &rArr; mf_render_character
</UL>
<BR>[Calls]<UL><LI><a href="#[20e]">&gt;&gt;</a>&nbsp;&nbsp;&nbsp;gdispGGetWidth
<LI><a href="#[2fd]">&gt;&gt;</a>&nbsp;&nbsp;&nbsp;gdispGFillStringBox
<LI><a href="#[2f1]">&gt;&gt;</a>&nbsp;&nbsp;&nbsp;gdispGDrawBox
<LI><a href="#[329]">&gt;&gt;</a>&nbsp;&nbsp;&nbsp;gwinResize
<LI><a href="#[312]">&gt;&gt;</a>&nbsp;&nbsp;&nbsp;getwidth
<LI><a href="#[310]">&gt;&gt;</a>&nbsp;&nbsp;&nbsp;getheight
</UL>
<BR>[Called By]<UL><LI><a href="#[103]">&gt;&gt;</a>&nbsp;&nbsp;&nbsp;gwinLabelDrawJustifiedLeft
</UL>

<P><STRONG><a name="[105]"></a>RadioMouseDown</STRONG> (Thumb, 16 bytes, Stack size 16 bytes, gwin_radio.o(i.RadioMouseDown))
<BR><BR>[Stack]<UL><LI>Max Depth = 208<LI>Call Chain = RadioMouseDown &rArr; gwinRadioPress &rArr; SendRadioEvent &rArr; geventSendEvent &rArr; osSemaphoreRelease &rArr; osRtxPostProcess &rArr; osRtxKernelErrorNotify &rArr; EvrRtxKernelErrorNotify &rArr; EventRecord2 &rArr; EventRecordItem
</UL>
<BR>[Calls]<UL><LI><a href="#[26d]">&gt;&gt;</a>&nbsp;&nbsp;&nbsp;gwinRadioPress
</UL>
<BR>[Address Reference Count : 1]<UL><LI> gwin_radio.o(.constdata)
</UL>
<P><STRONG><a name="[287]"></a>SendRadioEvent</STRONG> (Thumb, 58 bytes, Stack size 16 bytes, gwin_radio.o(i.SendRadioEvent))
<BR><BR>[Stack]<UL><LI>Max Depth = 176<LI>Call Chain = SendRadioEvent &rArr; geventSendEvent &rArr; osSemaphoreRelease &rArr; osRtxPostProcess &rArr; osRtxKernelErrorNotify &rArr; EvrRtxKernelErrorNotify &rArr; EventRecord2 &rArr; EventRecordItem
</UL>
<BR>[Calls]<UL><LI><a href="#[286]">&gt;&gt;</a>&nbsp;&nbsp;&nbsp;geventSendEvent
<LI><a href="#[213]">&gt;&gt;</a>&nbsp;&nbsp;&nbsp;geventGetSourceListener
<LI><a href="#[285]">&gt;&gt;</a>&nbsp;&nbsp;&nbsp;geventGetEventBuffer
</UL>
<BR>[Called By]<UL><LI><a href="#[26d]">&gt;&gt;</a>&nbsp;&nbsp;&nbsp;gwinRadioPress
</UL>

<P><STRONG><a name="[32d]"></a>getDrawColors</STRONG> (Thumb, 36 bytes, Stack size 0 bytes, gwin_radio.o(i.getDrawColors))
<BR><BR>[Called By]<UL><LI><a href="#[104]">&gt;&gt;</a>&nbsp;&nbsp;&nbsp;gwinRadioDraw_Radio
</UL>

<P><STRONG><a name="[87]"></a>gwidgetEvent</STRONG> (Thumb, 330 bytes, Stack size 24 bytes, gwin_widget.o(i.gwidgetEvent))
<BR><BR>[Stack]<UL><LI>Max Depth = 24<LI>Call Chain = gwidgetEvent
</UL>
<BR>[Calls]<UL><LI><a href="#[297]">&gt;&gt;</a>&nbsp;&nbsp;&nbsp;gwinGetNextWindow
</UL>
<BR>[Address Reference Count : 1]<UL><LI> gwin_widget.o(i._gwidgetInit)
</UL>
<P><STRONG><a name="[88]"></a>RedrawTimerFn</STRONG> (Thumb, 12 bytes, Stack size 8 bytes, gwin_wm.o(i.RedrawTimerFn))
<BR><BR>[Stack]<UL><LI>Max Depth = 184<LI>Call Chain = RedrawTimerFn &rArr; _gwinFlushRedraws &rArr; osSemaphoreRelease &rArr; osRtxPostProcess &rArr; osRtxKernelErrorNotify &rArr; EvrRtxKernelErrorNotify &rArr; EventRecord2 &rArr; EventRecordItem
</UL>
<BR>[Calls]<UL><LI><a href="#[26e]">&gt;&gt;</a>&nbsp;&nbsp;&nbsp;_gwinFlushRedraws
</UL>
<BR>[Address Reference Count : 1]<UL><LI> gwin_wm.o(i._gwmInit)
</UL>
<P><STRONG><a name="[108]"></a>WM_Add</STRONG> (Thumb, 58 bytes, Stack size 16 bytes, gwin_wm.o(i.WM_Add))
<BR><BR>[Stack]<UL><LI>Max Depth = 264<LI>Call Chain = WM_Add &rArr; WM_Size &rArr; WM_Move &rArr;  WM_Size (Cycle)
</UL>
<BR>[Calls]<UL><LI><a href="#[291]">&gt;&gt;</a>&nbsp;&nbsp;&nbsp;gfxQueueASyncPut
<LI><a href="#[10b]">&gt;&gt;</a>&nbsp;&nbsp;&nbsp;WM_Size
<LI><a href="#[10c]">&gt;&gt;</a>&nbsp;&nbsp;&nbsp;WM_Move
</UL>
<BR>[Address Reference Count : 1]<UL><LI> gwin_wm.o(.constdata)
</UL>
<P><STRONG><a name="[107]"></a>WM_DeInit</STRONG> (Thumb, 2 bytes, Stack size 0 bytes, gwin_wm.o(i.WM_DeInit))
<BR>[Address Reference Count : 1]<UL><LI> gwin_wm.o(.constdata)
</UL>
<P><STRONG><a name="[109]"></a>WM_Delete</STRONG> (Thumb, 32 bytes, Stack size 8 bytes, gwin_wm.o(i.WM_Delete))
<BR><BR>[Stack]<UL><LI>Max Depth = 160<LI>Call Chain = WM_Delete &rArr; osSemaphoreRelease &rArr; osRtxPostProcess &rArr; osRtxKernelErrorNotify &rArr; EvrRtxKernelErrorNotify &rArr; EventRecord2 &rArr; EventRecordItem
</UL>
<BR>[Calls]<UL><LI><a href="#[293]">&gt;&gt;</a>&nbsp;&nbsp;&nbsp;osSemaphoreRelease
<LI><a href="#[208]">&gt;&gt;</a>&nbsp;&nbsp;&nbsp;gfxSemWait
<LI><a href="#[292]">&gt;&gt;</a>&nbsp;&nbsp;&nbsp;gfxQueueASyncRemove
</UL>
<BR>[Address Reference Count : 1]<UL><LI> gwin_wm.o(.constdata)
</UL>
<P><STRONG><a name="[106]"></a>WM_Init</STRONG> (Thumb, 2 bytes, Stack size 0 bytes, gwin_wm.o(i.WM_Init))
<BR>[Address Reference Count : 1]<UL><LI> gwin_wm.o(.constdata)
</UL>
<P><STRONG><a name="[10e]"></a>WM_MinMax</STRONG> (Thumb, 2 bytes, Stack size 0 bytes, gwin_wm.o(i.WM_MinMax))
<BR>[Address Reference Count : 1]<UL><LI> gwin_wm.o(.constdata)
</UL>
<P><STRONG><a name="[10c]"></a>WM_Move</STRONG> (Thumb, 498 bytes, Stack size 40 bytes, gwin_wm.o(i.WM_Move))
<BR><BR>[Stack]<UL><LI>Max Depth = 288 + In Cycle
<LI>Call Chain = WM_Move &rArr;  WM_Size (Cycle)
</UL>
<BR>[Calls]<UL><LI><a href="#[294]">&gt;&gt;</a>&nbsp;&nbsp;&nbsp;gwinSetVisible
<LI><a href="#[20e]">&gt;&gt;</a>&nbsp;&nbsp;&nbsp;gdispGGetWidth
<LI><a href="#[20f]">&gt;&gt;</a>&nbsp;&nbsp;&nbsp;gdispGGetHeight
<LI><a href="#[26e]">&gt;&gt;</a>&nbsp;&nbsp;&nbsp;_gwinFlushRedraws
<LI><a href="#[10b]">&gt;&gt;</a>&nbsp;&nbsp;&nbsp;WM_Size
<LI><a href="#[10c]">&gt;&gt;</a>&nbsp;&nbsp;&nbsp;WM_Move
<LI><a href="#[296]">&gt;&gt;</a>&nbsp;&nbsp;&nbsp;gwinGetSibling
<LI><a href="#[295]">&gt;&gt;</a>&nbsp;&nbsp;&nbsp;gwinGetFirstChild
</UL>
<BR>[Called By]<UL><LI><a href="#[10b]">&gt;&gt;</a>&nbsp;&nbsp;&nbsp;WM_Size
<LI><a href="#[10c]">&gt;&gt;</a>&nbsp;&nbsp;&nbsp;WM_Move
<LI><a href="#[108]">&gt;&gt;</a>&nbsp;&nbsp;&nbsp;WM_Add
</UL>
<BR>[Address Reference Count : 1]<UL><LI> gwin_wm.o(.constdata)
</UL>
<P><STRONG><a name="[10d]"></a>WM_Raise</STRONG> (Thumb, 148 bytes, Stack size 24 bytes, gwin_wm.o(i.WM_Raise))
<BR><BR>[Stack]<UL><LI>Max Depth = 192<LI>Call Chain = WM_Raise &rArr; _gwinUpdate &rArr; gtimerJab &rArr; osSemaphoreRelease &rArr; osRtxPostProcess &rArr; osRtxKernelErrorNotify &rArr; EvrRtxKernelErrorNotify &rArr; EventRecord2 &rArr; EventRecordItem
</UL>
<BR>[Calls]<UL><LI><a href="#[293]">&gt;&gt;</a>&nbsp;&nbsp;&nbsp;osSemaphoreRelease
<LI><a href="#[208]">&gt;&gt;</a>&nbsp;&nbsp;&nbsp;gfxSemWait
<LI><a href="#[292]">&gt;&gt;</a>&nbsp;&nbsp;&nbsp;gfxQueueASyncRemove
<LI><a href="#[291]">&gt;&gt;</a>&nbsp;&nbsp;&nbsp;gfxQueueASyncPut
<LI><a href="#[188]">&gt;&gt;</a>&nbsp;&nbsp;&nbsp;_gwinUpdate
<LI><a href="#[297]">&gt;&gt;</a>&nbsp;&nbsp;&nbsp;gwinGetNextWindow
</UL>
<BR>[Address Reference Count : 1]<UL><LI> gwin_wm.o(.constdata)
</UL>
<P><STRONG><a name="[10a]"></a>WM_Redraw</STRONG> (Thumb, 368 bytes, Stack size 32 bytes, gwin_wm.o(i.WM_Redraw))
<BR><BR>[Stack]<UL><LI>Max Depth = 200<LI>Call Chain = WM_Redraw &rArr; _gwinUpdate &rArr; gtimerJab &rArr; osSemaphoreRelease &rArr; osRtxPostProcess &rArr; osRtxKernelErrorNotify &rArr; EvrRtxKernelErrorNotify &rArr; EventRecord2 &rArr; EventRecordItem
</UL>
<BR>[Calls]<UL><LI><a href="#[252]">&gt;&gt;</a>&nbsp;&nbsp;&nbsp;gdispGFillArea
<LI><a href="#[188]">&gt;&gt;</a>&nbsp;&nbsp;&nbsp;_gwinUpdate
<LI><a href="#[251]">&gt;&gt;</a>&nbsp;&nbsp;&nbsp;gwinGetDefaultBgColor
<LI><a href="#[297]">&gt;&gt;</a>&nbsp;&nbsp;&nbsp;gwinGetNextWindow
<LI><a href="#[296]">&gt;&gt;</a>&nbsp;&nbsp;&nbsp;gwinGetSibling
<LI><a href="#[295]">&gt;&gt;</a>&nbsp;&nbsp;&nbsp;gwinGetFirstChild
</UL>
<BR>[Address Reference Count : 1]<UL><LI> gwin_wm.o(.constdata)
</UL>
<P><STRONG><a name="[10b]"></a>WM_Size</STRONG> (Thumb, 420 bytes, Stack size 32 bytes, gwin_wm.o(i.WM_Size))
<BR><BR>[Stack]<UL><LI>Max Depth = 320<LI>Call Chain = WM_Size &rArr; WM_Move &rArr;  WM_Size (Cycle)
</UL>
<BR>[Calls]<UL><LI><a href="#[294]">&gt;&gt;</a>&nbsp;&nbsp;&nbsp;gwinSetVisible
<LI><a href="#[20e]">&gt;&gt;</a>&nbsp;&nbsp;&nbsp;gdispGGetWidth
<LI><a href="#[20f]">&gt;&gt;</a>&nbsp;&nbsp;&nbsp;gdispGGetHeight
<LI><a href="#[188]">&gt;&gt;</a>&nbsp;&nbsp;&nbsp;_gwinUpdate
<LI><a href="#[26e]">&gt;&gt;</a>&nbsp;&nbsp;&nbsp;_gwinFlushRedraws
<LI><a href="#[10c]">&gt;&gt;</a>&nbsp;&nbsp;&nbsp;WM_Move
<LI><a href="#[296]">&gt;&gt;</a>&nbsp;&nbsp;&nbsp;gwinGetSibling
<LI><a href="#[295]">&gt;&gt;</a>&nbsp;&nbsp;&nbsp;gwinGetFirstChild
</UL>
<BR>[Called By]<UL><LI><a href="#[10c]">&gt;&gt;</a>&nbsp;&nbsp;&nbsp;WM_Move
<LI><a href="#[108]">&gt;&gt;</a>&nbsp;&nbsp;&nbsp;WM_Add
</UL>
<BR>[Address Reference Count : 1]<UL><LI> gwin_wm.o(.constdata)
</UL>
<P><STRONG><a name="[150]"></a>_tm_carry</STRONG> (Thumb, 62 bytes, Stack size 8 bytes, mktime.o(.text))
<BR><BR>[Stack]<UL><LI>Max Depth = 8<LI>Call Chain = _tm_carry
</UL>
<BR>[Called By]<UL><LI><a href="#[14f]">&gt;&gt;</a>&nbsp;&nbsp;&nbsp;mktime
</UL>

<P><STRONG><a name="[7e]"></a>_printf_input_char</STRONG> (Thumb, 10 bytes, Stack size 0 bytes, _printf_char_common.o(.text))
<BR>[Address Reference Count : 1]<UL><LI> _printf_char_common.o(.text)
</UL>
<P><STRONG><a name="[164]"></a>_freopen_locked</STRONG> (Thumb, 174 bytes, Stack size 32 bytes, fopen_locked.o(.text))
<BR><BR>[Stack]<UL><LI>Max Depth = 208<LI>Call Chain = _freopen_locked &rArr; _fclose_internal &rArr; free &rArr; _free_internal &rArr; _mutex_release &rArr; os_kernel_is_active &rArr; osKernelGetState &rArr; svcRtxKernelGetState &rArr; EvrRtxKernelGetState &rArr; EventRecord2 &rArr; EventRecordItem
</UL>
<BR>[Calls]<UL><LI><a href="#[115]">&gt;&gt;</a>&nbsp;&nbsp;&nbsp;_mutex_release
<LI><a href="#[112]">&gt;&gt;</a>&nbsp;&nbsp;&nbsp;_mutex_acquire
<LI><a href="#[165]">&gt;&gt;</a>&nbsp;&nbsp;&nbsp;_sys_open
<LI><a href="#[166]">&gt;&gt;</a>&nbsp;&nbsp;&nbsp;_fseek
<LI><a href="#[157]">&gt;&gt;</a>&nbsp;&nbsp;&nbsp;_fclose_internal
</UL>
<BR>[Called By]<UL><LI><a href="#[167]">&gt;&gt;</a>&nbsp;&nbsp;&nbsp;_fopen$locked
<LI><a href="#[154]">&gt;&gt;</a>&nbsp;&nbsp;&nbsp;freopen
</UL>

<P><STRONG><a name="[172]"></a>Heap1_SizeAdjust</STRONG> (Thumb, 8 bytes, Stack size 0 bytes, h1_alloc_mt.o(.text), UNUSED)
<BR><BR>[Called By]<UL><LI><a href="#[171]">&gt;&gt;</a>&nbsp;&nbsp;&nbsp;_malloc_internal
</UL>
<P>
<H3>
Undefined Global Symbols
</H3><HR></body></html>
