<html>
<body>
<pre>
<h1>µVision Build Log</h1>
<h2>Tool Versions:</h2>
IDE-Version: µVision V5.35.0.0
Copyright (C) 2021 ARM Ltd and ARM Germany GmbH. All rights reserved.
License Information: Pascal Sartoretti Hes-so//Valais Wallis Flex license: MDK Professional 5.35 (Flex) (mdk_pro) Operation stops: 29 Nov 2025
 
Tool Versions:
Toolchain:       MDK Professional 5.35 (Flex)  Version: 5.35.0.2
Toolchain Path:  C:\Keil_v5\ARM\ARMCC\Bin
C Compiler:      Armcc.exe V5.06 update 7 (build 960)
Assembler:       Armasm.exe V5.06 update 7 (build 960)
Linker/Locator:  ArmLink.exe V5.06 update 7 (build 960)
Library Manager: ArmAr.exe V5.06 update 7 (build 960)
Hex Converter:   FromElf.exe V5.06 update 7 (build 960)
CPU DLL:         SARMCM3.DLL V5.35.0.2
Dialog DLL:      DCM.DLL V1.17.3.0
Target DLL:      STLink\ST-LINKIII-KEIL_SWO.dll V3.0.9.0
Dialog DLL:      TCM.DLL V1.53.0.0
 
<h2>Project:</h2>
C:\Users\loris.zufferey\Desktop\TOR\tokenring_project.uvprojx
Project File Date:  04/17/2023

<h2>Output:</h2>
*** Using Compiler 'V5.06 update 7 (build 960)', folder: 'C:\Keil_v5\ARM\ARMCC\Bin'
Build target 'Target 1'
compiling mac_receiver.c...
linking...
Program Size: Code=98588 RO-data=47448 RW-data=101932 ZI-data=80508  
".\Objects\tokenring_project.axf" - 0 Error(s), 0 Warning(s).

<h2>Software Packages used:</h2>

Package Vendor: ARM
                http://www.keil.com/pack/ARM.CMSIS.5.9.0.pack
                ARM.CMSIS.5.9.0
                CMSIS (Common Microcontroller Software Interface Standard)
   * Component: I2C Version: 2.4.0
   * Component: SAI Version: 1.2.0
   * Component: RTOS2 Version: 2.1.3
   * Component: CORE Version: 5.6.0
   * Component: Keil RTX5 Variant: Source Version: 5.5.4

Package Vendor: HessoValais
                http://kpacks.hevs.ch/HessoValais.Extension_board.pdsc/HessoValais.Extension_board.1.2.0.pack
                HessoValais.Extension_board.1.2.0
                Software to use extension keyboard, UART, buttons and leds.
   * Component: Buttons Version: 1.0.0
   * Component: Keyboard Version: 1.1.1
   * Component: LEDs Version: 1.0.0
   * Component: UART Version: 1.0.0

Package Vendor: uGFX
                http://kpacks.hevs.ch/uGFX.uGFX_lib.pdsc/uGFX.uGFX_lib.2.0.0.pack
                uGFX.uGFX_lib.2.0.0
                Software to use LCD and touch on the STM32F746G-DISCO board.
   * Component: uGFX library Variant: osRTX5 Version: 2.0.0

Package Vendor: Keil
                https://www.keil.com/pack/Keil.ARM_Compiler.1.7.2.pack
                Keil.ARM_Compiler.1.7.2
                Keil ARM Compiler extensions for ARM Compiler 5 and ARM Compiler 6
   * Component: Event Recorder Variant: DAP Version: 1.5.1
   * Component: STDOUT Variant: ITM Version: 1.2.0

Package Vendor: Keil
                http://www.keil.com/pack/Keil.STM32F7xx_DFP.2.12.0.pack
                Keil.STM32F7xx_DFP.2.12.0
                STMicroelectronics STM32F7 Series Device Support, Drivers and Examples
   * Component: STM32Cube Framework Version: 1.0.0
   * Component: I2C Version: 1.9.0
   * Component: SAI Version: 1.5.0
   * Component: Classic Version: 1.2.7
   * Component: Common Version: 1.2.7
   * Component: Cortex Version: 1.2.7
   * Component: DMA Version: 1.2.7
   * Component: GPIO Version: 1.2.7
   * Component: PWR Version: 1.2.7
   * Component: RCC Version: 1.2.7
   * Component: SDRAM Version: 1.2.7
   * Component: SPI Version: 1.2.7
   * Component: UART Version: 1.2.7
   * Component: Startup Version: 1.2.4

<h2>Collection of Component include folders:</h2>
  .\RTE\CMSIS
  .\RTE\Compiler
  .\RTE\Device\STM32F746NGHx
  .\RTE\Hesso_pack
  .\RTE\_Target_1
  C:\Keil_v5\ARM\CMSIS\5.9.0\CMSIS\Core\Include
  C:\Keil_v5\ARM\CMSIS\5.9.0\CMSIS\Driver\Include
  C:\Keil_v5\ARM\CMSIS\5.9.0\CMSIS\RTOS2\Include
  C:\Keil_v5\ARM\CMSIS\5.9.0\CMSIS\RTOS2\RTX\Include
  C:\Keil_v5\HessoValais\Extension_board\1.2.0\extension_board
  C:\Keil_v5\Keil\ARM_Compiler\1.7.2\Include
  C:\Keil_v5\Keil\STM32F7xx_DFP\2.12.0\Drivers\CMSIS\Device\ST\STM32F7xx\Include
  C:\Keil_v5\Keil\STM32F7xx_DFP\2.12.0\Drivers\STM32F7xx_HAL_Driver\Inc
  C:\Keil_v5\uGFX\uGFX_lib\2.0.0\ugfx
  C:\Keil_v5\uGFX\uGFX_lib\2.0.0\ugfx\boards\base\STM32F746-Discovery
  C:\Keil_v5\uGFX\uGFX_lib\2.0.0\ugfx\drivers\gdisp\STM32LTDC
  C:\Keil_v5\uGFX\uGFX_lib\2.0.0\ugfx\drivers\ginput\touch\FT5336
  C:\Keil_v5\uGFX\uGFX_lib\2.0.0\ugfx\src
  C:\Keil_v5\uGFX\uGFX_lib\2.0.0\ugfx\src\gadc
  C:\Keil_v5\uGFX\uGFX_lib\2.0.0\ugfx\src\gaudio
  C:\Keil_v5\uGFX\uGFX_lib\2.0.0\ugfx\src\gdisp
  C:\Keil_v5\uGFX\uGFX_lib\2.0.0\ugfx\src\gdisp\fonts
  C:\Keil_v5\uGFX\uGFX_lib\2.0.0\ugfx\src\gdisp\mcufont
  C:\Keil_v5\uGFX\uGFX_lib\2.0.0\ugfx\src\gdriver
  C:\Keil_v5\uGFX\uGFX_lib\2.0.0\ugfx\src\gevent
  C:\Keil_v5\uGFX\uGFX_lib\2.0.0\ugfx\src\gfile
  C:\Keil_v5\uGFX\uGFX_lib\2.0.0\ugfx\src\ginput
  C:\Keil_v5\uGFX\uGFX_lib\2.0.0\ugfx\src\gmisc
  C:\Keil_v5\uGFX\uGFX_lib\2.0.0\ugfx\src\gos
  C:\Keil_v5\uGFX\uGFX_lib\2.0.0\ugfx\src\gqueue
  C:\Keil_v5\uGFX\uGFX_lib\2.0.0\ugfx\src\gtimer
  C:\Keil_v5\uGFX\uGFX_lib\2.0.0\ugfx\src\gtrans
  C:\Keil_v5\uGFX\uGFX_lib\2.0.0\ugfx\src\gwin

<h2>Collection of Component Files used:</h2>

   * Component: ::CMSIS Driver:I2C:2.4.0 (API)
      Include file:  CMSIS\Driver\Include\Driver_I2C.h

   * Component: ::CMSIS Driver:SAI:1.2.0 (API)
      Include file:  CMSIS\Driver\Include\Driver_SAI.h

   * Component: ::CMSIS:RTOS2:2.1.3 (API)
      Include file:  CMSIS\RTOS2\Include\cmsis_os2.h

   * Component: ::Device:STM32Cube Framework:1.0.0 (API)

   * Component: ARM::CMSIS:CORE:5.6.0

   * Component: ARM::CMSIS:RTOS2:Keil RTX5:Source:5.5.4
      Source file:   CMSIS\RTOS2\RTX\Source\rtx_memory.c
      Source file:   CMSIS\RTOS2\RTX\Source\rtx_kernel.c
      Source file:   CMSIS\RTOS2\RTX\Source\rtx_evflags.c
      Include file:  CMSIS\RTOS2\RTX\Include\rtx_os.h
      Source file:   CMSIS\RTOS2\RTX\Source\rtx_system.c
      Source file:   CMSIS\RTOS2\RTX\Template\Timer.c
      Source file:   CMSIS\RTOS2\RTX\Source\rtx_delay.c
      Source file:   CMSIS\RTOS2\RTX\Template\Thread.c
      Source file:   CMSIS\RTOS2\RTX\Config\RTX_Config.c
      Source file:   CMSIS\RTOS2\RTX\Source\rtx_mempool.c
      Source file:   CMSIS\RTOS2\RTX\Source\rtx_msgqueue.c
      Source file:   CMSIS\RTOS2\RTX\Source\rtx_evr.c
      Source file:   CMSIS\RTOS2\RTX\Template\Events.c
      Source file:   CMSIS\RTOS2\RTX\Template\MemPool.c
      Source file:   CMSIS\RTOS2\RTX\Template\main.c
      Source file:   CMSIS\RTOS2\RTX\Template\MsgQueue.c
      Source file:   CMSIS\RTOS2\RTX\Template\Semaphore.c
      Source file:   CMSIS\RTOS2\RTX\Source\rtx_lib.c
      Source file:   CMSIS\RTOS2\RTX\Template\Mutex.c
      Source file:   CMSIS\RTOS2\RTX\Source\rtx_semaphore.c
      Source file:   CMSIS\RTOS2\RTX\Source\rtx_thread.c
      Source file:   CMSIS\RTOS2\RTX\Template\svc_user.c
      Include file:  CMSIS\RTOS2\RTX\Config\RTX_Config.h
      Source file:   CMSIS\RTOS2\RTX\Source\rtx_timer.c
      Source file:   CMSIS\RTOS2\RTX\Source\rtx_mutex.c
      Source file:   CMSIS\RTOS2\RTX\Source\ARM\irq_armv7m.s
      Source file:   CMSIS\RTOS2\Source\os_systick.c

   * Component: HessoValais::Hesso pack:Extension Board:Buttons:1.0.0
      Source file:   extension_board\ext_buttons.c
      Include file:  extension_board\ext_buttons.h

   * Component: HessoValais::Hesso pack:Extension Board:Keyboard:1.1.1
      Include file:  extension_board\ext_keyboard.h
      Source file:   extension_board\ext_keyboard.c

   * Component: HessoValais::Hesso pack:Extension Board:LEDs:1.0.0
      Source file:   extension_board\ext_led.c
      Include file:  extension_board\ext_led.h

   * Component: HessoValais::Hesso pack:Extension Board:UART:1.0.0
      Source file:   extension_board\ext_uart.c
      Include file:  extension_board\ext_uart.h

   * Component: Keil.ARM Compiler::Compiler:Event Recorder:DAP:1.5.1
      Include file:  Include\EventRecorder.h
      Source file:   Source\EventRecorder.c
      Include file:  Config\EventRecorderConf.h

   * Component: Keil.ARM Compiler::Compiler:I/O:STDOUT:ITM:1.2.0
      Source file:   Source\retarget_io.c

   * Component: Keil::CMSIS Driver:I2C:1.9.0
      Source file:   CMSIS\Driver\I2C_STM32F7xx.c

   * Component: Keil::CMSIS Driver:SAI:1.5.0
      Source file:   CMSIS\Driver\SAI_STM32F7xx.c

   * Component: Keil::Device:STM32Cube Framework:Classic:1.2.7
      Include file:  MDK\Templates\Inc\stm32f7xx_it.h
      Include file:  MDK\Templates_LL\Inc\main.h
      Include file:  MDK\Templates\Inc\main.h
      Source file:   MDK\Templates\Src\main.c
      Include file:  MDK\Templates\Inc\stm32f7xx_hal_conf.h
      Source file:   MDK\Templates\Src\stm32f7xx_hal_msp.c
      Source file:   MDK\Templates\Src\stm32f7xx_it.c
      Source file:   MDK\Templates_LL\Src\main.c
      Include file:  CMSIS\Driver\Config\RTE_Device.h

   * Component: Keil::Device:STM32Cube HAL:Common:1.2.7
      Include file:  Drivers\STM32F7xx_HAL_Driver\Inc\stm32f7xx_hal.h
      Source file:   Drivers\STM32F7xx_HAL_Driver\Src\stm32f7xx_hal.c

   * Component: Keil::Device:STM32Cube HAL:Cortex:1.2.7
      Source file:   Drivers\STM32F7xx_HAL_Driver\Src\stm32f7xx_hal_cortex.c

   * Component: Keil::Device:STM32Cube HAL:DMA:1.2.7
      Source file:   Drivers\STM32F7xx_HAL_Driver\Src\stm32f7xx_hal_dma.c
      Source file:   Drivers\STM32F7xx_HAL_Driver\Src\stm32f7xx_hal_dma_ex.c

   * Component: Keil::Device:STM32Cube HAL:GPIO:1.2.7
      Source file:   Drivers\STM32F7xx_HAL_Driver\Src\stm32f7xx_hal_gpio.c

   * Component: Keil::Device:STM32Cube HAL:PWR:1.2.7
      Source file:   Drivers\STM32F7xx_HAL_Driver\Src\stm32f7xx_hal_pwr_ex.c
      Source file:   Drivers\STM32F7xx_HAL_Driver\Src\stm32f7xx_hal_pwr.c

   * Component: Keil::Device:STM32Cube HAL:RCC:1.2.7
      Source file:   Drivers\STM32F7xx_HAL_Driver\Src\stm32f7xx_hal_rcc.c
      Source file:   Drivers\STM32F7xx_HAL_Driver\Src\stm32f7xx_hal_rcc_ex.c

   * Component: Keil::Device:STM32Cube HAL:SDRAM:1.2.7
      Source file:   Drivers\STM32F7xx_HAL_Driver\Src\stm32f7xx_hal_sdram.c
      Source file:   Drivers\STM32F7xx_HAL_Driver\Src\stm32f7xx_ll_fmc.c

   * Component: Keil::Device:STM32Cube HAL:SPI:1.2.7
      Source file:   Drivers\STM32F7xx_HAL_Driver\Src\stm32f7xx_hal_spi.c
      Source file:   Drivers\STM32F7xx_HAL_Driver\Src\stm32f7xx_hal_spi_ex.c

   * Component: Keil::Device:STM32Cube HAL:UART:1.2.7
      Source file:   Drivers\STM32F7xx_HAL_Driver\Src\stm32f7xx_hal_uart_ex.c
      Source file:   Drivers\STM32F7xx_HAL_Driver\Src\stm32f7xx_hal_uart.c

   * Component: Keil::Device:Startup:1.2.4
      Source file:   MDK\Device\Source\ARM\STM32F74x_75x_OPT.s
      Source file:   MDK\Device\Source\ARM\STM32F74x_75x_OTP.s
      Include file:  Drivers\CMSIS\Device\ST\STM32F7xx\Include\stm32f7xx.h
      Source file:   Drivers\CMSIS\Device\ST\STM32F7xx\Source\Templates\arm\startup_stm32f746xx.s
      Source file:   Drivers\CMSIS\Device\ST\STM32F7xx\Source\Templates\system_stm32f7xx.c

   * Component: uGFX::uGFX library:uGFX library:osRTX5:2.0.0
      Source file:   ugfx\src\gfile\gfile_fatfs_wrapper.c
      Source file:   ugfx\src\gfile\gfile_scang.c
      Source file:   ugfx\src\gfile\gfile_fs_native.c
      Source file:   ugfx\src\gfile\gfile.c
      Source file:   ugfx\src\gdriver\gdriver.c
      Source file:   ugfx\src\gevent\gevent.c
      Include file:  ugfx\src\gevent\gevent_rules.h
      Include file:  ugfx\src\gevent\gevent_options.h
      Source file:   ugfx\src\gfile\gfile_fatfs_diskio_chibios.c
      Source file:   ugfx\src\gfile\gfile_printg.c
      Source file:   ugfx\src\gfile\gfile_petitfs_diskio_chibios.c
      Source file:   ugfx\src\gfile\gfile_fs_chibios.c
      Include file:  ugfx\src\gdisp\mcufont\mf_encoding.h
      Source file:   ugfx\src\gfile\gfile_fs_fatfs.c
      Include file:  ugfx\src\gdriver\gdriver_rules.h
      Include file:  ugfx\src\gdisp\mcufont\mf_wordwrap.h
      Source file:   ugfx\src\gfile\gfile_fs_mem.c
      Source file:   ugfx\src\gfile\gfile_fs_ram.c
      Source file:   ugfx\src\gfile\gfile_fs_strings.c
      Include file:  ugfx\src\gdriver\gdriver_options.h
      Source file:   ugfx\src\gfile\gfile_petitfs_wrapper.c
      Include file:  ugfx\src\gdisp\mcufont\mf_font.h
      Include file:  ugfx\src\gdriver\gdriver.h
      Source file:   ugfx\src\gfile\gfile_fs_petitfs.c
      Source file:   ugfx\src\gfile\gfile_stdio.c
      Include file:  ugfx\src\gfile\gfile_fatfs_wrapper.h
      Include file:  ugfx\src\gdisp\mcufont\mf_scaledfont.h
      Source file:   ugfx\src\gfile\gfile_fs_rom.c
      Include file:  ugfx\src\gevent\gevent.h
      Include file:  ugfx\gfx.h
      Source file:   ugfx\boards\base\STM32F746-Discovery\stm32f7_i2c.c
      Source file:   ugfx\boards\base\STM32F746-Discovery\stm32f746g_discovery_sdram.c
      Include file:  ugfx\boards\base\STM32F746-Discovery\stm32f7_i2c.h
      Include file:  ugfx\drivers\gdisp\STM32LTDC\gdisp_lld_config.h
      Source file:   ugfx\drivers\ginput\touch\FT5336\gmouse_lld_FT5336.c
      Include file:  ugfx\drivers\ginput\touch\FT5336\ft5336.h
      Source file:   ugfx\src\gfx.c
      Source file:   ugfx\src\gadc\gadc.c
      Include file:  ugfx\src\gadc\gadc_driver.h
      Include file:  ugfx\drivers\gdisp\STM32LTDC\stm32_dma2d.h
      Include file:  ugfx\src\gadc\gadc_rules.h
      Include file:  ugfx\src\gadc\gadc_options.h
      Include file:  ugfx\src\gadc\gadc.h
      Source file:   ugfx\src\gaudio\gaudio.c
      Include file:  ugfx\boards\base\STM32F746-Discovery\gmouse_lld_FT5336_board.h
      Include file:  ugfx\drivers\gdisp\STM32LTDC\board_STM32LTDC_template.h
      Include file:  ugfx\src\gaudio\gaudio_driver_play.h
      Include file:  ugfx\drivers\ginput\touch\FT5336\gmouse_lld_FT5336_board_template.h
      Include file:  ugfx\drivers\gdisp\STM32LTDC\stm32_ltdc.h
      Source file:   ugfx\drivers\gdisp\STM32LTDC\gdisp_lld_STM32LTDC.c
      Include file:  ugfx\src\gfx_compilers.h
      Include file:  ugfx\boards\base\STM32F746-Discovery\stm32f746g_discovery_sdram.h
      Include file:  ugfx\src\gaudio\gaudio_driver_record.h
      Include file:  ugfx\src\gaudio\gaudio_rules.h
      Include file:  ugfx\boards\base\STM32F746-Discovery\board_STM32LTDC.h
      Include file:  ugfx\src\gaudio\gaudio_options.h
      Include file:  ugfx\src\gaudio\gaudio.h
      Source file:   ugfx\src\gdisp\gdisp_image_native.c
      Include file:  ugfx\src\gdisp\gdisp.h
      Source file:   ugfx\src\gdisp\gdisp_image_bmp.c
      Source file:   ugfx\src\gdisp\gdisp_image.c
      Include file:  ugfx\src\gdisp\gdisp_pixmap.h
      Include file:  ugfx\src\gdisp\gdisp_options.h
      Source file:   ugfx\src\gdisp\mcufont\mf_kerning.c
      Source file:   ugfx\src\gdisp\mcufont\mf_font.c
      Include file:  ugfx\src\gdisp\mcufont\mf_justify.h
      Source file:   ugfx\src\gdisp\mcufont\mf_scaledfont.c
      Include file:  ugfx\src\gdisp\mcufont\mf_config.h
      Include file:  ugfx\src\gdisp\gdisp_image.h
      Include file:  ugfx\src\gdisp\gdisp_image_support.h
      Source file:   ugfx\src\gdisp\mcufont\mf_bwfont.c
      Include file:  ugfx\src\gdisp\mcufont\mf_kerning.h
      Include file:  ugfx\src\gdisp\gdisp_rules.h
      Source file:   ugfx\src\gdisp\mcufont\mf_wordwrap.c
      Source file:   ugfx\src\gdisp\mcufont\mf_encoding.c
      Include file:  ugfx\src\gdisp\mcufont\mf_bwfont.h
      Source file:   ugfx\src\gdisp\gdisp_image_png.c
      Source file:   ugfx\src\gdisp\gdisp.c
      Include file:  ugfx\src\gdisp\gdisp_driver.h
      Source file:   ugfx\src\gdisp\gdisp_image_jpg.c
      Source file:   ugfx\src\gdisp\gdisp_image_gif.c
      Include file:  ugfx\src\gdisp\gdisp_colors.h
      Source file:   ugfx\src\gdisp\mcufont\mf_justify.c
      Source file:   ugfx\src\gdisp\mcufont\mf_rlefont.c
      Source file:   ugfx\src\gdisp\gdisp_pixmap.c
      Include file:  ugfx\src\gdisp\fonts\fonts.h
      Source file:   ugfx\src\gdisp\gdisp_fonts.c
      Include file:  ugfx\src\gdisp\mcufont\mcufont.h
      Include file:  ugfx\src\gdisp\mcufont\mf_rlefont.h
      Source file:   ugfx\src\ginput\ginput_keyboard_microcode.c
      Source file:   ugfx\src\gmisc\gmisc_hittest.c
      Source file:   ugfx\src\ginput\ginput.c
      Include file:  ugfx\src\ginput\ginput_driver_dial.h
      Include file:  ugfx\src\ginput\ginput.h
      Include file:  ugfx\src\ginput\ginput_dial.h
      Include file:  ugfx\src\gfile\gfile_rules.h
      Include file:  ugfx\src\ginput\ginput_keyboard_microcode.h
      Include file:  ugfx\src\gfile\gfile_petitfs_wrapper.h
      Include file:  ugfx\src\gfile\gfile_options.h
      Source file:   ugfx\src\ginput\ginput_keyboard.c
      Include file:  ugfx\src\ginput\ginput_driver_keyboard.h
      Include file:  ugfx\src\ginput\ginput_options.h
      Include file:  ugfx\src\ginput\ginput_toggle.h
      Source file:   ugfx\src\ginput\ginput_toggle.c
      Source file:   ugfx\src\gmisc\gmisc_matrix2d.c
      Include file:  ugfx\src\gfile\gfile.h
      Source file:   ugfx\src\ginput\ginput_dial.c
      Include file:  ugfx\src\ginput\ginput_mouse.h
      Source file:   ugfx\src\gmisc\gmisc_trig.c
      Include file:  ugfx\src\gmisc\gmisc_options.h
      Include file:  ugfx\src\ginput\ginput_driver_toggle.h
      Include file:  ugfx\src\gmisc\gmisc_rules.h
      Include file:  ugfx\src\gfile\gfile_fs.h
      Include file:  ugfx\src\ginput\ginput_driver_mouse.h
      Source file:   ugfx\src\gmisc\gmisc.c
      Source file:   ugfx\src\ginput\ginput_mouse.c
      Include file:  ugfx\src\ginput\ginput_rules.h
      Include file:  ugfx\src\ginput\ginput_keyboard.h
      Source file:   ugfx\src\gmisc\gmisc_arrayops.c
      Include file:  ugfx\src\gos\gos_qt.h
      Source file:   ugfx\src\gos\gos_arduino.c
      Include file:  ugfx\src\gos\gos_cmsis2.h
      Include file:  ugfx\src\gos\gos_cmsis.h
      Include file:  ugfx\src\gos\gos_rawrtos.h
      Source file:   ugfx\src\gos\gos_linux.c
      Source file:   ugfx\src\gos\gos_raw32.c
      Include file:  ugfx\src\gos\gos_rtx5.h
      Include file:  ugfx\src\gmisc\gmisc.h
      Include file:  ugfx\src\gos\gos_rules.h
      Source file:   ugfx\src\gos\gos_x_heap.c
      Source file:   ugfx\src\gos\gos_win32.c
      Source file:   ugfx\src\gos\gos_cmsis.c
      Include file:  ugfx\src\gos\gos_options.h
      Include file:  ugfx\src\gos\gos_linux.h
      Source file:   ugfx\src\gos\gos_zephyr.c
      Source file:   ugfx\src\gos\gos_x_threads.c
      Source file:   ugfx\src\gos\gos_chibios.c
      Source file:   ugfx\src\gos\gos_nios.c
      Include file:  ugfx\src\gos\gos_ecos.h
      Source file:   ugfx\src\gos\gos_freertos.c
      Source file:   ugfx\src\gos\gos_rawrtos.c
      Include file:  ugfx\src\gos\gos_osx.h
      Include file:  ugfx\src\gos\gos_nios.h
      Include file:  ugfx\src\gos\gos_freertos.h
      Include file:  ugfx\src\gos\gos_raw32.h
      Include file:  ugfx\src\gos\gos.h
      Source file:   ugfx\src\gos\gos_cmsis2.c
      Source file:   ugfx\src\gos\gos_osx.c
      Source file:   ugfx\src\gos\gos_ecos.c
      Include file:  ugfx\src\gos\gos_zephyr.h
      Include file:  ugfx\src\gqueue\gqueue_options.h
      Include file:  ugfx\src\gtimer\gtimer_rules.h
      Include file:  ugfx\src\gtrans\gtrans_rules.h
      Include file:  ugfx\src\gqueue\gqueue_rules.h
      Source file:   ugfx\src\gqueue\gqueue.c
      Include file:  ugfx\src\gtrans\gtrans_options.h
      Include file:  ugfx\src\gqueue\gqueue.h
      Include file:  ugfx\src\gtrans\gtrans.h
      Include file:  ugfx\src\gos\gos_chibios.h
      Include file:  ugfx\src\gos\gos_win32.h
      Include file:  ugfx\src\gtimer\gtimer.h
      Include file:  ugfx\src\gos\gos_x_threads_cortexm01.h
      Include file:  ugfx\src\gos\gos_x_threads_cortexm347.h
      Include file:  ugfx\src\gos\gos_x_threads_cortexm47fp.h
      Include file:  ugfx\src\gtimer\gtimer_options.h
      Source file:   ugfx\src\gwin\gwin.c
      Source file:   ugfx\src\gwin\gwin_widget.c
      Source file:   ugfx\src\gwin\gwin_textedit.c
      Source file:   ugfx\src\gwin\gwin_button.c
      Source file:   ugfx\src\gwin\gwin_tabset.c
      Source file:   ugfx\src\gwin\gwin_checkbox.c
      Source file:   ugfx\src\gtrans\gtrans.c
      Include file:  ugfx\src\gos\gos_x_heap.h
      Include file:  ugfx\src\gos\gos_x_threads.h
      Include file:  ugfx\src\gos\gos_arduino.h
      Source file:   ugfx\src\gtimer\gtimer.c
      Include file:  ugfx\src\gos\gos_keil.h
      Include file:  ugfx\src\gwin\gwin_class.h
      Include file:  ugfx\src\gwin\gwin_radio.h
      Source file:   ugfx\src\gwin\gwin_wm.c
      Include file:  ugfx\src\gwin\gwin_console.h
      Include file:  ugfx\src\gwin\gwin_gl3d.h
      Include file:  ugfx\src\gwin\gwin_container.h
      Source file:   ugfx\src\gwin\gwin_keyboard_layout.c
      Source file:   ugfx\src\gwin\gwin_keyboard.c
      Include file:  ugfx\src\gwin\gwin_options.h
      Include file:  ugfx\src\gwin\gwin_keyboard_layout.h
      Include file:  ugfx\src\gwin\gwin_list.h
      Source file:   ugfx\src\gwin\gwin_console.c
      Include file:  ugfx\src\gwin\gwin_graph.h
      Source file:   ugfx\src\gwin\gwin_frame.c
      Source file:   ugfx\src\gwin\gwin_label.c
      Include file:  ugfx\src\gwin\gwin_frame.h
      Include file:  ugfx\src\gwin\gwin_progressbar.h
      Source file:   ugfx\src\gwin\gwin_container.c
      Source file:   ugfx\src\gwin\gwin_image.c
      Include file:  ugfx\src\gwin\gwin_keyboard.h
      Include file:  ugfx\src\gwin\gwin_rules.h
      Source file:   ugfx\src\gwin\gwin_list.c
      Include file:  ugfx\src\gwin\gwin_checkbox.h
      Source file:   ugfx\src\gwin\gwin_gl3d.c
      Include file:  ugfx\src\gwin\gwin_button.h
      Include file:  ugfx\src\gwin\gwin_tabset.h
      Include file:  ugfx\src\gwin\gwin_slider.h
      Source file:   ugfx\src\gwin\gwin_radio.c
      Source file:   ugfx\src\gwin\gwin_progressbar.c
      Source file:   ugfx\src\gwin\gwin_slider.c
      Source file:   ugfx\src\gwin\gwin_graph.c
      Include file:  ugfx\src\gwin\gwin_label.h
      Include file:  ugfx\src\gwin\gwin_image.h
      Source file:   ugfx\config\with_os\gfxconf.h
      Include file:  ugfx\src\gwin\gwin_widget.h
      Include file:  ugfx\src\gwin\gwin.h
      Include file:  ugfx\src\gwin\gwin_textedit.h
Build Time Elapsed:  00:00:04
</pre>
</body>
</html>
